// Jest Snapshot v1, https://goo.gl/fbAQLP

exports[`DateInput allows passing a custom format 1`] = `
.pounce-7 {
  position: relative;
}

.pounce-3 {
  min-height: 47px;
  position: relative;
  border: 1px solid;
  -webkit-transition: border-color 200ms cubic-bezier(0.0, 0, 0.2, 1) 0ms;
  transition: border-color 200ms cubic-bezier(0.0, 0, 0.2, 1) 0ms;
  background-color: transparent;
  border-radius: 4px;
  border-color: #3E516B;
}

.pounce-3:hover {
  border-color: #0081C5;
}

.pounce-3:focus-within {
  border-color: #0081C5;
}

.pounce-3:focus-within span {
  opacity: 1;
  visibility: visible;
}

.pounce-3:focus-within label {
  font-weight: 500;
  -webkit-transform: translate(6px, 4px) scale(0.65);
  -moz-transform: translate(6px, 4px) scale(0.65);
  -ms-transform: translate(6px, 4px) scale(0.65);
  transform: translate(6px, 4px) scale(0.65);
}

.pounce-2 {
  display: -webkit-box;
  display: -webkit-flex;
  display: -ms-flexbox;
  display: flex;
  -webkit-align-items: center;
  -webkit-box-align: center;
  -ms-flex-align: center;
  align-items: center;
  position: relative;
}

.pounce-0 {
  width: 100%;
  height: 100%;
  padding-left: 16px;
  padding-right: 16px;
  padding-top: 20px;
  padding-bottom: 8px;
  position: relative;
  color: #F6F6F6;
  font-size: 0.875rem;
  font-weight: 500;
  background-color: transparent;
  border: 0;
  z-index: 2;
  overflow: hidden;
  text-overflow: ellipsis;
  white-space: nowrap;
}

.pounce-0::-webkit-input-placeholder {
  opacity: 0;
  color: #F6F6F6;
  -webkit-transition: opacity 200ms cubic-bezier(0.0, 0, 0.2, 1) 0ms;
  transition: opacity 200ms cubic-bezier(0.0, 0, 0.2, 1) 0ms;
  font-weight: 500;
}

.pounce-0::-moz-placeholder {
  opacity: 0;
  color: #F6F6F6;
  -webkit-transition: opacity 200ms cubic-bezier(0.0, 0, 0.2, 1) 0ms;
  transition: opacity 200ms cubic-bezier(0.0, 0, 0.2, 1) 0ms;
  font-weight: 500;
}

.pounce-0:-ms-input-placeholder {
  opacity: 0;
  color: #F6F6F6;
  -webkit-transition: opacity 200ms cubic-bezier(0.0, 0, 0.2, 1) 0ms;
  transition: opacity 200ms cubic-bezier(0.0, 0, 0.2, 1) 0ms;
  font-weight: 500;
}

.pounce-0::placeholder {
  opacity: 0;
  color: #F6F6F6;
  -webkit-transition: opacity 200ms cubic-bezier(0.0, 0, 0.2, 1) 0ms;
  transition: opacity 200ms cubic-bezier(0.0, 0, 0.2, 1) 0ms;
  font-weight: 500;
}



.pounce-0:focus::-webkit-input-placeholder {
  opacity: 0.4;
}

.pounce-0:focus::-moz-placeholder {
  opacity: 0.4;
}

.pounce-0:focus:-ms-input-placeholder {
  opacity: 0.4;
}

.pounce-0:focus::placeholder {
  opacity: 0.4;
}

.pounce-0:-webkit-autofill {
  -webkit-box-shadow: 0 0 0 30px #192231 inset;
  -webkit-text-fill-color: #F6F6F6;
  border-radius: 4px;
}

.pounce-1 {
  pointer-events: none;
  font-size: 0.875rem;
  padding-left: 16px;
  padding-right: 16px;
  color: #BDBDBD;
  top: 0;
  position: absolute;
  transform-origin: center left;
  -webkit-transform: translate(6px, 4px) scale(0.65);
  -moz-transform: translate(6px, 4px) scale(0.65);
  -ms-transform: translate(6px, 4px) scale(0.65);
  transform: translate(6px, 4px) scale(0.65);
  -webkit-transition: -webkit-transform 200ms cubic-bezier(0.0, 0, 0.2, 1) 0ms;
  transition: transform 200ms cubic-bezier(0.0, 0, 0.2, 1) 0ms;
  font-weight: 500;
}

.pounce-6 {
  position: absolute;
  top: 8px;
  right: 12px;
  z-index: 2;
}

.pounce-5 {
  outline: none;
  line-height: 1;
  border-radius: 4px;
  height: 32px;
  width: 32px;
  cursor: pointer;
  color: #F6F6F6;
  -webkit-text-decoration: none;
  text-decoration: none;
  background-color: transparent;
  -webkit-transition: all 0.1s linear;
  transition: all 0.1s linear;
}

.pounce-5:focus {
  background-color: rgba(255,255,255,0.1);
}

.pounce-4 {
  display: inline-block;
  vertical-align: sub;
  -webkit-flex-shrink: 0;
  -ms-flex-negative: 0;
  flex-shrink: 0;
  width: 20px;
  height: 20px;
  color: currentColor;
}

<div>
  <div
    class="pounce-7"
  >
    <div
      class="pounce-3"
    >
      <div
        class="pounce-2"
      >
        <input
          aria-autocomplete="none"
          aria-invalid="false"
          aria-readonly="true"
          autocomplete="off"
          class="pounce-0"
          id="test"
          readonly=""
          tabindex="-1"
          type="text"
          value="11 Nov 2020 1 Su"
        />
        <label
          class="pounce-1"
          for="test"
        >
          test
        </label>
      </div>
    </div>
    <div
      class="pounce-6"
    >
      <button
        aria-label="Toggle picker"
        aria-pressed="false"
        class="pounce-5"
        type="button"
      >
        <svg
          class="pounce-4"
          role="presentation"
          viewBox="0 0 24 24"
        >
          <path
            d="M19,4 L18,4 L18,2 L16,2 L16,4 L8,4 L8,2 L6,2 L6,4 L5,4 C3.89,4 3.01,4.9 3.01,6 L3,20 C3,21.1 3.89,22 5,22 L19,22 C20.1,22 21,21.1 21,20 L21,6 C21,4.9 20.1,4 19,4 Z M19,20 L5,20 L5,9 L19,9 L19,20 Z"
          />
        </svg>
      </button>
    </div>
  </div>
</div>
`;

exports[`DateInput allows selecting a date with time options 1`] = `
.pounce-7 {
  position: relative;
}

.pounce-3 {
  min-height: 47px;
  position: relative;
  border: 1px solid;
  -webkit-transition: border-color 200ms cubic-bezier(0.0, 0, 0.2, 1) 0ms;
  transition: border-color 200ms cubic-bezier(0.0, 0, 0.2, 1) 0ms;
  background-color: transparent;
  border-radius: 4px;
  border-color: #3E516B;
}

.pounce-3:hover {
  border-color: #0081C5;
}

.pounce-3:focus-within {
  border-color: #0081C5;
}

.pounce-3:focus-within span {
  opacity: 1;
  visibility: visible;
}

.pounce-3:focus-within label {
  font-weight: 500;
  -webkit-transform: translate(6px, 4px) scale(0.65);
  -moz-transform: translate(6px, 4px) scale(0.65);
  -ms-transform: translate(6px, 4px) scale(0.65);
  transform: translate(6px, 4px) scale(0.65);
}

.pounce-2 {
  display: -webkit-box;
  display: -webkit-flex;
  display: -ms-flexbox;
  display: flex;
  -webkit-align-items: center;
  -webkit-box-align: center;
  -ms-flex-align: center;
  align-items: center;
  position: relative;
}

.pounce-0 {
  width: 100%;
  height: 100%;
  padding-left: 16px;
  padding-right: 16px;
  padding-top: 20px;
  padding-bottom: 8px;
  position: relative;
  color: #F6F6F6;
  font-size: 0.875rem;
  font-weight: 500;
  background-color: transparent;
  border: 0;
  z-index: 2;
  overflow: hidden;
  text-overflow: ellipsis;
  white-space: nowrap;
}

.pounce-0::-webkit-input-placeholder {
  opacity: 0;
  color: #F6F6F6;
  -webkit-transition: opacity 200ms cubic-bezier(0.0, 0, 0.2, 1) 0ms;
  transition: opacity 200ms cubic-bezier(0.0, 0, 0.2, 1) 0ms;
  font-weight: 500;
}

.pounce-0::-moz-placeholder {
  opacity: 0;
  color: #F6F6F6;
  -webkit-transition: opacity 200ms cubic-bezier(0.0, 0, 0.2, 1) 0ms;
  transition: opacity 200ms cubic-bezier(0.0, 0, 0.2, 1) 0ms;
  font-weight: 500;
}

.pounce-0:-ms-input-placeholder {
  opacity: 0;
  color: #F6F6F6;
  -webkit-transition: opacity 200ms cubic-bezier(0.0, 0, 0.2, 1) 0ms;
  transition: opacity 200ms cubic-bezier(0.0, 0, 0.2, 1) 0ms;
  font-weight: 500;
}

.pounce-0::placeholder {
  opacity: 0;
  color: #F6F6F6;
  -webkit-transition: opacity 200ms cubic-bezier(0.0, 0, 0.2, 1) 0ms;
  transition: opacity 200ms cubic-bezier(0.0, 0, 0.2, 1) 0ms;
  font-weight: 500;
}



.pounce-0:focus::-webkit-input-placeholder {
  opacity: 0.4;
}

.pounce-0:focus::-moz-placeholder {
  opacity: 0.4;
}

.pounce-0:focus:-ms-input-placeholder {
  opacity: 0.4;
}

.pounce-0:focus::placeholder {
  opacity: 0.4;
}

.pounce-0:-webkit-autofill {
  -webkit-box-shadow: 0 0 0 30px #192231 inset;
  -webkit-text-fill-color: #F6F6F6;
  border-radius: 4px;
}

.pounce-1 {
  pointer-events: none;
  font-size: 0.875rem;
  padding-left: 16px;
  padding-right: 16px;
  color: #BDBDBD;
  top: 0;
  position: absolute;
  transform-origin: center left;
  -webkit-transform: translate(6px, 4px) scale(0.65);
  -moz-transform: translate(6px, 4px) scale(0.65);
  -ms-transform: translate(6px, 4px) scale(0.65);
  transform: translate(6px, 4px) scale(0.65);
  -webkit-transition: -webkit-transform 200ms cubic-bezier(0.0, 0, 0.2, 1) 0ms;
  transition: transform 200ms cubic-bezier(0.0, 0, 0.2, 1) 0ms;
  font-weight: 500;
}

.pounce-6 {
  position: absolute;
  top: 8px;
  right: 12px;
  z-index: 2;
}

.pounce-5 {
  outline: none;
  line-height: 1;
  border-radius: 4px;
  height: 32px;
  width: 32px;
  cursor: pointer;
  color: #F6F6F6;
  -webkit-text-decoration: none;
  text-decoration: none;
  background-color: transparent;
  -webkit-transition: all 0.1s linear;
  transition: all 0.1s linear;
}

.pounce-5:focus {
  background-color: rgba(255,255,255,0.1);
}

.pounce-4 {
  display: inline-block;
  vertical-align: sub;
  -webkit-flex-shrink: 0;
  -ms-flex-negative: 0;
  flex-shrink: 0;
  width: 20px;
  height: 20px;
  color: currentColor;
}

<div>
  <div
    class="pounce-7"
  >
    <div
      class="pounce-3"
    >
      <div
        class="pounce-2"
      >
        <input
          aria-autocomplete="none"
          aria-invalid="false"
          aria-readonly="true"
          autocomplete="off"
          class="pounce-0"
          id="test"
          readonly=""
          tabindex="-1"
          type="text"
          value="11/01/2020"
        />
        <label
          class="pounce-1"
          for="test"
        >
          test
        </label>
      </div>
    </div>
    <div
      class="pounce-6"
    >
      <button
        aria-label="Toggle picker"
        aria-pressed="false"
        class="pounce-5"
        type="button"
      >
        <svg
          class="pounce-4"
          role="presentation"
          viewBox="0 0 24 24"
        >
          <path
            d="M19,4 L18,4 L18,2 L16,2 L16,4 L8,4 L8,2 L6,2 L6,4 L5,4 C3.89,4 3.01,4.9 3.01,6 L3,20 C3,21.1 3.89,22 5,22 L19,22 C20.1,22 21,21.1 21,20 L21,6 C21,4.9 20.1,4 19,4 Z M19,20 L5,20 L5,9 L19,9 L19,20 Z"
          />
        </svg>
      </button>
    </div>
  </div>
</div>
`;

exports[`DateInput allows selecting a date with time options in 12h mode 1`] = `
.pounce-7 {
  position: relative;
}

.pounce-3 {
  min-height: 47px;
  position: relative;
  border: 1px solid;
  -webkit-transition: border-color 200ms cubic-bezier(0.0, 0, 0.2, 1) 0ms;
  transition: border-color 200ms cubic-bezier(0.0, 0, 0.2, 1) 0ms;
  background-color: transparent;
  border-radius: 4px;
  border-color: #3E516B;
}

.pounce-3:hover {
  border-color: #0081C5;
}

.pounce-3:focus-within {
  border-color: #0081C5;
}

.pounce-3:focus-within span {
  opacity: 1;
  visibility: visible;
}

.pounce-3:focus-within label {
  font-weight: 500;
  -webkit-transform: translate(6px, 4px) scale(0.65);
  -moz-transform: translate(6px, 4px) scale(0.65);
  -ms-transform: translate(6px, 4px) scale(0.65);
  transform: translate(6px, 4px) scale(0.65);
}

.pounce-2 {
  display: -webkit-box;
  display: -webkit-flex;
  display: -ms-flexbox;
  display: flex;
  -webkit-align-items: center;
  -webkit-box-align: center;
  -ms-flex-align: center;
  align-items: center;
  position: relative;
}

.pounce-0 {
  width: 100%;
  height: 100%;
  padding-left: 16px;
  padding-right: 16px;
  padding-top: 20px;
  padding-bottom: 8px;
  position: relative;
  color: #F6F6F6;
  font-size: 0.875rem;
  font-weight: 500;
  background-color: transparent;
  border: 0;
  z-index: 2;
  overflow: hidden;
  text-overflow: ellipsis;
  white-space: nowrap;
}

.pounce-0::-webkit-input-placeholder {
  opacity: 0;
  color: #F6F6F6;
  -webkit-transition: opacity 200ms cubic-bezier(0.0, 0, 0.2, 1) 0ms;
  transition: opacity 200ms cubic-bezier(0.0, 0, 0.2, 1) 0ms;
  font-weight: 500;
}

.pounce-0::-moz-placeholder {
  opacity: 0;
  color: #F6F6F6;
  -webkit-transition: opacity 200ms cubic-bezier(0.0, 0, 0.2, 1) 0ms;
  transition: opacity 200ms cubic-bezier(0.0, 0, 0.2, 1) 0ms;
  font-weight: 500;
}

.pounce-0:-ms-input-placeholder {
  opacity: 0;
  color: #F6F6F6;
  -webkit-transition: opacity 200ms cubic-bezier(0.0, 0, 0.2, 1) 0ms;
  transition: opacity 200ms cubic-bezier(0.0, 0, 0.2, 1) 0ms;
  font-weight: 500;
}

.pounce-0::placeholder {
  opacity: 0;
  color: #F6F6F6;
  -webkit-transition: opacity 200ms cubic-bezier(0.0, 0, 0.2, 1) 0ms;
  transition: opacity 200ms cubic-bezier(0.0, 0, 0.2, 1) 0ms;
  font-weight: 500;
}



.pounce-0:focus::-webkit-input-placeholder {
  opacity: 0.4;
}

.pounce-0:focus::-moz-placeholder {
  opacity: 0.4;
}

.pounce-0:focus:-ms-input-placeholder {
  opacity: 0.4;
}

.pounce-0:focus::placeholder {
  opacity: 0.4;
}

.pounce-0:-webkit-autofill {
  -webkit-box-shadow: 0 0 0 30px #192231 inset;
  -webkit-text-fill-color: #F6F6F6;
  border-radius: 4px;
}

.pounce-1 {
  pointer-events: none;
  font-size: 0.875rem;
  padding-left: 16px;
  padding-right: 16px;
  color: #BDBDBD;
  top: 0;
  position: absolute;
  transform-origin: center left;
  -webkit-transform: translate(6px, 4px) scale(0.65);
  -moz-transform: translate(6px, 4px) scale(0.65);
  -ms-transform: translate(6px, 4px) scale(0.65);
  transform: translate(6px, 4px) scale(0.65);
  -webkit-transition: -webkit-transform 200ms cubic-bezier(0.0, 0, 0.2, 1) 0ms;
  transition: transform 200ms cubic-bezier(0.0, 0, 0.2, 1) 0ms;
  font-weight: 500;
}

.pounce-6 {
  position: absolute;
  top: 8px;
  right: 12px;
  z-index: 2;
}

.pounce-5 {
  outline: none;
  line-height: 1;
  border-radius: 4px;
  height: 32px;
  width: 32px;
  cursor: pointer;
  color: #F6F6F6;
  -webkit-text-decoration: none;
  text-decoration: none;
  background-color: transparent;
  -webkit-transition: all 0.1s linear;
  transition: all 0.1s linear;
}

.pounce-5:focus {
  background-color: rgba(255,255,255,0.1);
}

.pounce-4 {
  display: inline-block;
  vertical-align: sub;
  -webkit-flex-shrink: 0;
  -ms-flex-negative: 0;
  flex-shrink: 0;
  width: 20px;
  height: 20px;
  color: currentColor;
}

<div>
  <div
    class="pounce-7"
  >
    <div
      class="pounce-3"
    >
      <div
        class="pounce-2"
      >
        <input
          aria-autocomplete="none"
          aria-invalid="false"
          aria-readonly="true"
          autocomplete="off"
          class="pounce-0"
          id="test"
          readonly=""
          tabindex="-1"
          type="text"
          value="11/01/2020"
        />
        <label
          class="pounce-1"
          for="test"
        >
          test
        </label>
      </div>
    </div>
    <div
      class="pounce-6"
    >
      <button
        aria-label="Toggle picker"
        aria-pressed="false"
        class="pounce-5"
        type="button"
      >
        <svg
          class="pounce-4"
          role="presentation"
          viewBox="0 0 24 24"
        >
          <path
            d="M19,4 L18,4 L18,2 L16,2 L16,4 L8,4 L8,2 L6,2 L6,4 L5,4 C3.89,4 3.01,4.9 3.01,6 L3,20 C3,21.1 3.89,22 5,22 L19,22 C20.1,22 21,21.1 21,20 L21,6 C21,4.9 20.1,4 19,4 Z M19,20 L5,20 L5,9 L19,9 L19,20 Z"
          />
        </svg>
      </button>
    </div>
  </div>
</div>
`;

exports[`DateInput allows selecting a date with time options in 24h mode 1`] = `
.pounce-7 {
  position: relative;
}

.pounce-3 {
  min-height: 47px;
  position: relative;
  border: 1px solid;
  -webkit-transition: border-color 200ms cubic-bezier(0.0, 0, 0.2, 1) 0ms;
  transition: border-color 200ms cubic-bezier(0.0, 0, 0.2, 1) 0ms;
  background-color: transparent;
  border-radius: 4px;
  border-color: #3E516B;
}

.pounce-3:hover {
  border-color: #0081C5;
}

.pounce-3:focus-within {
  border-color: #0081C5;
}

.pounce-3:focus-within span {
  opacity: 1;
  visibility: visible;
}

.pounce-3:focus-within label {
  font-weight: 500;
  -webkit-transform: translate(6px, 4px) scale(0.65);
  -moz-transform: translate(6px, 4px) scale(0.65);
  -ms-transform: translate(6px, 4px) scale(0.65);
  transform: translate(6px, 4px) scale(0.65);
}

.pounce-2 {
  display: -webkit-box;
  display: -webkit-flex;
  display: -ms-flexbox;
  display: flex;
  -webkit-align-items: center;
  -webkit-box-align: center;
  -ms-flex-align: center;
  align-items: center;
  position: relative;
}

.pounce-0 {
  width: 100%;
  height: 100%;
  padding-left: 16px;
  padding-right: 16px;
  padding-top: 20px;
  padding-bottom: 8px;
  position: relative;
  color: #F6F6F6;
  font-size: 0.875rem;
  font-weight: 500;
  background-color: transparent;
  border: 0;
  z-index: 2;
  overflow: hidden;
  text-overflow: ellipsis;
  white-space: nowrap;
}

.pounce-0::-webkit-input-placeholder {
  opacity: 0;
  color: #F6F6F6;
  -webkit-transition: opacity 200ms cubic-bezier(0.0, 0, 0.2, 1) 0ms;
  transition: opacity 200ms cubic-bezier(0.0, 0, 0.2, 1) 0ms;
  font-weight: 500;
}

.pounce-0::-moz-placeholder {
  opacity: 0;
  color: #F6F6F6;
  -webkit-transition: opacity 200ms cubic-bezier(0.0, 0, 0.2, 1) 0ms;
  transition: opacity 200ms cubic-bezier(0.0, 0, 0.2, 1) 0ms;
  font-weight: 500;
}

.pounce-0:-ms-input-placeholder {
  opacity: 0;
  color: #F6F6F6;
  -webkit-transition: opacity 200ms cubic-bezier(0.0, 0, 0.2, 1) 0ms;
  transition: opacity 200ms cubic-bezier(0.0, 0, 0.2, 1) 0ms;
  font-weight: 500;
}

.pounce-0::placeholder {
  opacity: 0;
  color: #F6F6F6;
  -webkit-transition: opacity 200ms cubic-bezier(0.0, 0, 0.2, 1) 0ms;
  transition: opacity 200ms cubic-bezier(0.0, 0, 0.2, 1) 0ms;
  font-weight: 500;
}



.pounce-0:focus::-webkit-input-placeholder {
  opacity: 0.4;
}

.pounce-0:focus::-moz-placeholder {
  opacity: 0.4;
}

.pounce-0:focus:-ms-input-placeholder {
  opacity: 0.4;
}

.pounce-0:focus::placeholder {
  opacity: 0.4;
}

.pounce-0:-webkit-autofill {
  -webkit-box-shadow: 0 0 0 30px #192231 inset;
  -webkit-text-fill-color: #F6F6F6;
  border-radius: 4px;
}

.pounce-1 {
  pointer-events: none;
  font-size: 0.875rem;
  padding-left: 16px;
  padding-right: 16px;
  color: #BDBDBD;
  top: 0;
  position: absolute;
  transform-origin: center left;
  -webkit-transform: translate(6px, 4px) scale(0.65);
  -moz-transform: translate(6px, 4px) scale(0.65);
  -ms-transform: translate(6px, 4px) scale(0.65);
  transform: translate(6px, 4px) scale(0.65);
  -webkit-transition: -webkit-transform 200ms cubic-bezier(0.0, 0, 0.2, 1) 0ms;
  transition: transform 200ms cubic-bezier(0.0, 0, 0.2, 1) 0ms;
  font-weight: 500;
}

.pounce-6 {
  position: absolute;
  top: 8px;
  right: 12px;
  z-index: 2;
}

.pounce-5 {
  outline: none;
  line-height: 1;
  border-radius: 4px;
  height: 32px;
  width: 32px;
  cursor: pointer;
  color: #F6F6F6;
  -webkit-text-decoration: none;
  text-decoration: none;
  background-color: transparent;
  -webkit-transition: all 0.1s linear;
  transition: all 0.1s linear;
}

.pounce-5:focus {
  background-color: rgba(255,255,255,0.1);
}

.pounce-4 {
  display: inline-block;
  vertical-align: sub;
  -webkit-flex-shrink: 0;
  -ms-flex-negative: 0;
  flex-shrink: 0;
  width: 20px;
  height: 20px;
  color: currentColor;
}

<div>
  <div
    class="pounce-7"
  >
    <div
      class="pounce-3"
    >
      <div
        class="pounce-2"
      >
        <input
          aria-autocomplete="none"
          aria-invalid="false"
          aria-readonly="true"
          autocomplete="off"
          class="pounce-0"
          id="test"
          readonly=""
          tabindex="-1"
          type="text"
          value="11/01/2020"
        />
        <label
          class="pounce-1"
          for="test"
        >
          test
        </label>
      </div>
    </div>
    <div
      class="pounce-6"
    >
      <button
        aria-label="Toggle picker"
        aria-pressed="false"
        class="pounce-5"
        type="button"
      >
        <svg
          class="pounce-4"
          role="presentation"
          viewBox="0 0 24 24"
        >
          <path
            d="M19,4 L18,4 L18,2 L16,2 L16,4 L8,4 L8,2 L6,2 L6,4 L5,4 C3.89,4 3.01,4.9 3.01,6 L3,20 C3,21.1 3.89,22 5,22 L19,22 C20.1,22 21,21.1 21,20 L21,6 C21,4.9 20.1,4 19,4 Z M19,20 L5,20 L5,9 L19,9 L19,20 Z"
          />
        </svg>
      </button>
    </div>
  </div>
</div>
`;

exports[`DateInput can be solid 1`] = `
.pounce-7 {
  position: relative;
}

.pounce-2 {
  display: -webkit-box;
  display: -webkit-flex;
  display: -ms-flexbox;
  display: flex;
  -webkit-align-items: center;
  -webkit-box-align: center;
  -ms-flex-align: center;
  align-items: center;
  position: relative;
}

.pounce-0 {
  width: 100%;
  height: 100%;
  padding-left: 16px;
  padding-right: 16px;
  padding-top: 20px;
  padding-bottom: 8px;
  position: relative;
  color: #F6F6F6;
  font-size: 0.875rem;
  font-weight: 500;
  background-color: transparent;
  border: 0;
  z-index: 2;
  overflow: hidden;
  text-overflow: ellipsis;
  white-space: nowrap;
}

.pounce-0::-webkit-input-placeholder {
  opacity: 0;
  color: #F6F6F6;
  -webkit-transition: opacity 200ms cubic-bezier(0.0, 0, 0.2, 1) 0ms;
  transition: opacity 200ms cubic-bezier(0.0, 0, 0.2, 1) 0ms;
  font-weight: 500;
}

.pounce-0::-moz-placeholder {
  opacity: 0;
  color: #F6F6F6;
  -webkit-transition: opacity 200ms cubic-bezier(0.0, 0, 0.2, 1) 0ms;
  transition: opacity 200ms cubic-bezier(0.0, 0, 0.2, 1) 0ms;
  font-weight: 500;
}

.pounce-0:-ms-input-placeholder {
  opacity: 0;
  color: #F6F6F6;
  -webkit-transition: opacity 200ms cubic-bezier(0.0, 0, 0.2, 1) 0ms;
  transition: opacity 200ms cubic-bezier(0.0, 0, 0.2, 1) 0ms;
  font-weight: 500;
}

.pounce-0::placeholder {
  opacity: 0;
  color: #F6F6F6;
  -webkit-transition: opacity 200ms cubic-bezier(0.0, 0, 0.2, 1) 0ms;
  transition: opacity 200ms cubic-bezier(0.0, 0, 0.2, 1) 0ms;
  font-weight: 500;
}



.pounce-0:focus::-webkit-input-placeholder {
  opacity: 0.4;
}

.pounce-0:focus::-moz-placeholder {
  opacity: 0.4;
}

.pounce-0:focus:-ms-input-placeholder {
  opacity: 0.4;
}

.pounce-0:focus::placeholder {
  opacity: 0.4;
}

.pounce-0:-webkit-autofill {
  -webkit-box-shadow: 0 0 0 30px #192231 inset;
  -webkit-text-fill-color: #F6F6F6;
  border-radius: 4px;
}

.pounce-1 {
  pointer-events: none;
  font-size: 0.875rem;
  padding-left: 16px;
  padding-right: 16px;
  color: #BDBDBD;
  top: 0;
  position: absolute;
  transform-origin: center left;
  -webkit-transform: translate(6px, 4px) scale(0.65);
  -moz-transform: translate(6px, 4px) scale(0.65);
  -ms-transform: translate(6px, 4px) scale(0.65);
  transform: translate(6px, 4px) scale(0.65);
  -webkit-transition: -webkit-transform 200ms cubic-bezier(0.0, 0, 0.2, 1) 0ms;
  transition: transform 200ms cubic-bezier(0.0, 0, 0.2, 1) 0ms;
  font-weight: 500;
}

.pounce-6 {
  position: absolute;
  top: 8px;
  right: 12px;
  z-index: 2;
}

.pounce-5 {
  outline: none;
  line-height: 1;
  border-radius: 4px;
  height: 32px;
  width: 32px;
  cursor: pointer;
  color: #F6F6F6;
  -webkit-text-decoration: none;
  text-decoration: none;
  background-color: transparent;
  -webkit-transition: all 0.1s linear;
  transition: all 0.1s linear;
}

.pounce-5:focus {
  background-color: rgba(255,255,255,0.1);
}

.pounce-4 {
  display: inline-block;
  vertical-align: sub;
  -webkit-flex-shrink: 0;
  -ms-flex-negative: 0;
  flex-shrink: 0;
  width: 20px;
  height: 20px;
  color: currentColor;
}

.pounce-3 {
  min-height: 47px;
  position: relative;
  border: 1px solid;
  -webkit-transition: border-color 200ms cubic-bezier(0.0, 0, 0.2, 1) 0ms;
  transition: border-color 200ms cubic-bezier(0.0, 0, 0.2, 1) 0ms;
  background-color: #23344E;
  border-radius: 4px;
  border-color: #23344E;
}

.pounce-3:hover {
  border-color: #0081C5;
}

.pounce-3:focus-within {
  border-color: #0081C5;
}

.pounce-3:focus-within span {
  opacity: 1;
  visibility: visible;
}

.pounce-3:focus-within label {
  font-weight: 500;
  -webkit-transform: translate(6px, 4px) scale(0.65);
  -moz-transform: translate(6px, 4px) scale(0.65);
  -ms-transform: translate(6px, 4px) scale(0.65);
  transform: translate(6px, 4px) scale(0.65);
}

<div>
  <div
    class="pounce-7"
  >
    <div
      class="pounce-3"
    >
      <div
        class="pounce-2"
      >
        <input
          aria-autocomplete="none"
          aria-invalid="false"
          aria-readonly="true"
          autocomplete="off"
          class="pounce-0"
          id="test"
          readonly=""
          tabindex="-1"
          type="text"
          value="11/01/2020"
        />
        <label
          class="pounce-1"
          for="test"
        >
          test
        </label>
      </div>
    </div>
    <div
      class="pounce-6"
    >
      <button
        aria-label="Toggle picker"
        aria-pressed="false"
        class="pounce-5"
        type="button"
      >
        <svg
          class="pounce-4"
          role="presentation"
          viewBox="0 0 24 24"
        >
          <path
            d="M19,4 L18,4 L18,2 L16,2 L16,4 L8,4 L8,2 L6,2 L6,4 L5,4 C3.89,4 3.01,4.9 3.01,6 L3,20 C3,21.1 3.89,22 5,22 L19,22 C20.1,22 21,21.1 21,20 L21,6 C21,4.9 20.1,4 19,4 Z M19,20 L5,20 L5,9 L19,9 L19,20 Z"
          />
        </svg>
      </button>
    </div>
  </div>
</div>
`;

exports[`DateInput opens the month picker 1`] = `
.pounce-7 {
  position: relative;
}

.pounce-3 {
  min-height: 47px;
  position: relative;
  border: 1px solid;
  -webkit-transition: border-color 200ms cubic-bezier(0.0, 0, 0.2, 1) 0ms;
  transition: border-color 200ms cubic-bezier(0.0, 0, 0.2, 1) 0ms;
  background-color: transparent;
  border-radius: 4px;
  border-color: #3E516B;
}

.pounce-3:hover {
  border-color: #0081C5;
}

.pounce-3:focus-within {
  border-color: #0081C5;
}

.pounce-3:focus-within span {
  opacity: 1;
  visibility: visible;
}

.pounce-3:focus-within label {
  font-weight: 500;
  -webkit-transform: translate(6px, 4px) scale(0.65);
  -moz-transform: translate(6px, 4px) scale(0.65);
  -ms-transform: translate(6px, 4px) scale(0.65);
  transform: translate(6px, 4px) scale(0.65);
}

.pounce-2 {
  display: -webkit-box;
  display: -webkit-flex;
  display: -ms-flexbox;
  display: flex;
  -webkit-align-items: center;
  -webkit-box-align: center;
  -ms-flex-align: center;
  align-items: center;
  position: relative;
}

.pounce-0 {
  width: 100%;
  height: 100%;
  padding-left: 16px;
  padding-right: 16px;
  padding-top: 20px;
  padding-bottom: 8px;
  position: relative;
  color: #F6F6F6;
  font-size: 0.875rem;
  font-weight: 500;
  background-color: transparent;
  border: 0;
  z-index: 2;
  overflow: hidden;
  text-overflow: ellipsis;
  white-space: nowrap;
}

.pounce-0::-webkit-input-placeholder {
  opacity: 0;
  color: #F6F6F6;
  -webkit-transition: opacity 200ms cubic-bezier(0.0, 0, 0.2, 1) 0ms;
  transition: opacity 200ms cubic-bezier(0.0, 0, 0.2, 1) 0ms;
  font-weight: 500;
}

.pounce-0::-moz-placeholder {
  opacity: 0;
  color: #F6F6F6;
  -webkit-transition: opacity 200ms cubic-bezier(0.0, 0, 0.2, 1) 0ms;
  transition: opacity 200ms cubic-bezier(0.0, 0, 0.2, 1) 0ms;
  font-weight: 500;
}

.pounce-0:-ms-input-placeholder {
  opacity: 0;
  color: #F6F6F6;
  -webkit-transition: opacity 200ms cubic-bezier(0.0, 0, 0.2, 1) 0ms;
  transition: opacity 200ms cubic-bezier(0.0, 0, 0.2, 1) 0ms;
  font-weight: 500;
}

.pounce-0::placeholder {
  opacity: 0;
  color: #F6F6F6;
  -webkit-transition: opacity 200ms cubic-bezier(0.0, 0, 0.2, 1) 0ms;
  transition: opacity 200ms cubic-bezier(0.0, 0, 0.2, 1) 0ms;
  font-weight: 500;
}



.pounce-0:focus::-webkit-input-placeholder {
  opacity: 0.4;
}

.pounce-0:focus::-moz-placeholder {
  opacity: 0.4;
}

.pounce-0:focus:-ms-input-placeholder {
  opacity: 0.4;
}

.pounce-0:focus::placeholder {
  opacity: 0.4;
}

.pounce-0:-webkit-autofill {
  -webkit-box-shadow: 0 0 0 30px #192231 inset;
  -webkit-text-fill-color: #F6F6F6;
  border-radius: 4px;
}

.pounce-1 {
  pointer-events: none;
  font-size: 0.875rem;
  padding-left: 16px;
  padding-right: 16px;
  color: #BDBDBD;
  top: 0;
  position: absolute;
  transform-origin: center left;
  -webkit-transform: translate(6px, 4px) scale(0.65);
  -moz-transform: translate(6px, 4px) scale(0.65);
  -ms-transform: translate(6px, 4px) scale(0.65);
  transform: translate(6px, 4px) scale(0.65);
  -webkit-transition: -webkit-transform 200ms cubic-bezier(0.0, 0, 0.2, 1) 0ms;
  transition: transform 200ms cubic-bezier(0.0, 0, 0.2, 1) 0ms;
  font-weight: 500;
}

.pounce-6 {
  position: absolute;
  top: 8px;
  right: 12px;
  z-index: 2;
}

.pounce-5 {
  outline: none;
  line-height: 1;
  border-radius: 4px;
  height: 32px;
  width: 32px;
  cursor: pointer;
  color: #F6F6F6;
  -webkit-text-decoration: none;
  text-decoration: none;
  background-color: transparent;
  -webkit-transition: all 0.1s linear;
  transition: all 0.1s linear;
}

.pounce-5:focus {
  background-color: rgba(255,255,255,0.1);
}

.pounce-4 {
  display: inline-block;
  vertical-align: sub;
  -webkit-flex-shrink: 0;
  -ms-flex-negative: 0;
  flex-shrink: 0;
  width: 20px;
  height: 20px;
  color: currentColor;
}

<div>
  <div
    class="pounce-7"
  >
    <div
      class="pounce-3"
    >
      <div
        class="pounce-2"
      >
        <input
          aria-autocomplete="none"
          aria-invalid="false"
          aria-readonly="true"
          autocomplete="off"
          class="pounce-0"
          id="test"
          readonly=""
          tabindex="-1"
          type="text"
          value="11/01/2020"
        />
        <label
          class="pounce-1"
          for="test"
        >
          test
        </label>
      </div>
    </div>
    <div
      class="pounce-6"
    >
      <button
        aria-label="Toggle picker"
        aria-pressed="false"
        class="pounce-5"
        type="button"
      >
        <svg
          class="pounce-4"
          role="presentation"
          viewBox="0 0 24 24"
        >
          <path
            d="M19,4 L18,4 L18,2 L16,2 L16,4 L8,4 L8,2 L6,2 L6,4 L5,4 C3.89,4 3.01,4.9 3.01,6 L3,20 C3,21.1 3.89,22 5,22 L19,22 C20.1,22 21,21.1 21,20 L21,6 C21,4.9 20.1,4 19,4 Z M19,20 L5,20 L5,9 L19,9 L19,20 Z"
          />
        </svg>
      </button>
    </div>
  </div>
</div>
`;

exports[`DateInput opens the month picker with alignment 1`] = `
.pounce-7 {
  position: relative;
}

.pounce-3 {
  min-height: 47px;
  position: relative;
  border: 1px solid;
  -webkit-transition: border-color 200ms cubic-bezier(0.0, 0, 0.2, 1) 0ms;
  transition: border-color 200ms cubic-bezier(0.0, 0, 0.2, 1) 0ms;
  background-color: transparent;
  border-radius: 4px;
  border-color: #3E516B;
}

.pounce-3:hover {
  border-color: #0081C5;
}

.pounce-3:focus-within {
  border-color: #0081C5;
}

.pounce-3:focus-within span {
  opacity: 1;
  visibility: visible;
}

.pounce-3:focus-within label {
  font-weight: 500;
  -webkit-transform: translate(6px, 4px) scale(0.65);
  -moz-transform: translate(6px, 4px) scale(0.65);
  -ms-transform: translate(6px, 4px) scale(0.65);
  transform: translate(6px, 4px) scale(0.65);
}

.pounce-2 {
  display: -webkit-box;
  display: -webkit-flex;
  display: -ms-flexbox;
  display: flex;
  -webkit-align-items: center;
  -webkit-box-align: center;
  -ms-flex-align: center;
  align-items: center;
  position: relative;
}

.pounce-0 {
  width: 100%;
  height: 100%;
  padding-left: 16px;
  padding-right: 16px;
  padding-top: 20px;
  padding-bottom: 8px;
  position: relative;
  color: #F6F6F6;
  font-size: 0.875rem;
  font-weight: 500;
  background-color: transparent;
  border: 0;
  z-index: 2;
  overflow: hidden;
  text-overflow: ellipsis;
  white-space: nowrap;
}

.pounce-0::-webkit-input-placeholder {
  opacity: 0;
  color: #F6F6F6;
  -webkit-transition: opacity 200ms cubic-bezier(0.0, 0, 0.2, 1) 0ms;
  transition: opacity 200ms cubic-bezier(0.0, 0, 0.2, 1) 0ms;
  font-weight: 500;
}

.pounce-0::-moz-placeholder {
  opacity: 0;
  color: #F6F6F6;
  -webkit-transition: opacity 200ms cubic-bezier(0.0, 0, 0.2, 1) 0ms;
  transition: opacity 200ms cubic-bezier(0.0, 0, 0.2, 1) 0ms;
  font-weight: 500;
}

.pounce-0:-ms-input-placeholder {
  opacity: 0;
  color: #F6F6F6;
  -webkit-transition: opacity 200ms cubic-bezier(0.0, 0, 0.2, 1) 0ms;
  transition: opacity 200ms cubic-bezier(0.0, 0, 0.2, 1) 0ms;
  font-weight: 500;
}

.pounce-0::placeholder {
  opacity: 0;
  color: #F6F6F6;
  -webkit-transition: opacity 200ms cubic-bezier(0.0, 0, 0.2, 1) 0ms;
  transition: opacity 200ms cubic-bezier(0.0, 0, 0.2, 1) 0ms;
  font-weight: 500;
}



.pounce-0:focus::-webkit-input-placeholder {
  opacity: 0.4;
}

.pounce-0:focus::-moz-placeholder {
  opacity: 0.4;
}

.pounce-0:focus:-ms-input-placeholder {
  opacity: 0.4;
}

.pounce-0:focus::placeholder {
  opacity: 0.4;
}

.pounce-0:-webkit-autofill {
  -webkit-box-shadow: 0 0 0 30px #192231 inset;
  -webkit-text-fill-color: #F6F6F6;
  border-radius: 4px;
}

.pounce-1 {
  pointer-events: none;
  font-size: 0.875rem;
  padding-left: 16px;
  padding-right: 16px;
  color: #BDBDBD;
  top: 0;
  position: absolute;
  transform-origin: center left;
  -webkit-transform: translate(6px, 4px) scale(0.65);
  -moz-transform: translate(6px, 4px) scale(0.65);
  -ms-transform: translate(6px, 4px) scale(0.65);
  transform: translate(6px, 4px) scale(0.65);
  -webkit-transition: -webkit-transform 200ms cubic-bezier(0.0, 0, 0.2, 1) 0ms;
  transition: transform 200ms cubic-bezier(0.0, 0, 0.2, 1) 0ms;
  font-weight: 500;
}

.pounce-6 {
  position: absolute;
  top: 8px;
  right: 12px;
  z-index: 2;
}

.pounce-5 {
  outline: none;
  line-height: 1;
  border-radius: 4px;
  height: 32px;
  width: 32px;
  cursor: pointer;
  color: #F6F6F6;
  -webkit-text-decoration: none;
  text-decoration: none;
  background-color: transparent;
  -webkit-transition: all 0.1s linear;
  transition: all 0.1s linear;
}

.pounce-5:focus {
  background-color: rgba(255,255,255,0.1);
}

.pounce-4 {
  display: inline-block;
  vertical-align: sub;
  -webkit-flex-shrink: 0;
  -ms-flex-negative: 0;
  flex-shrink: 0;
  width: 20px;
  height: 20px;
  color: currentColor;
}

<div>
  <div
    class="pounce-7"
  >
    <div
      class="pounce-3"
    >
      <div
        class="pounce-2"
      >
        <input
          aria-autocomplete="none"
          aria-invalid="false"
          aria-readonly="true"
          autocomplete="off"
          class="pounce-0"
          id="test"
          readonly=""
          tabindex="-1"
          type="text"
          value="11/01/2020"
        />
        <label
          class="pounce-1"
          for="test"
        >
          test
        </label>
      </div>
    </div>
    <div
      class="pounce-6"
    >
      <button
        aria-label="Toggle picker"
        aria-pressed="false"
        class="pounce-5"
        type="button"
      >
        <svg
          class="pounce-4"
          role="presentation"
          viewBox="0 0 24 24"
        >
          <path
            d="M19,4 L18,4 L18,2 L16,2 L16,4 L8,4 L8,2 L6,2 L6,4 L5,4 C3.89,4 3.01,4.9 3.01,6 L3,20 C3,21.1 3.89,22 5,22 L19,22 C20.1,22 21,21.1 21,20 L21,6 C21,4.9 20.1,4 19,4 Z M19,20 L5,20 L5,9 L19,9 L19,20 Z"
          />
        </svg>
      </button>
    </div>
  </div>
</div>
`;

exports[`DateInput renders 1`] = `
.pounce-7 {
  position: relative;
}

.pounce-3 {
  min-height: 47px;
  position: relative;
  border: 1px solid;
  -webkit-transition: border-color 200ms cubic-bezier(0.0, 0, 0.2, 1) 0ms;
  transition: border-color 200ms cubic-bezier(0.0, 0, 0.2, 1) 0ms;
  background-color: transparent;
  border-radius: 4px;
  border-color: #3E516B;
}

.pounce-3:hover {
  border-color: #0081C5;
}

.pounce-3:focus-within {
  border-color: #0081C5;
}

.pounce-3:focus-within span {
  opacity: 1;
  visibility: visible;
}

.pounce-3:focus-within label {
  font-weight: 500;
  -webkit-transform: translate(6px, 4px) scale(0.65);
  -moz-transform: translate(6px, 4px) scale(0.65);
  -ms-transform: translate(6px, 4px) scale(0.65);
  transform: translate(6px, 4px) scale(0.65);
}

.pounce-2 {
  display: -webkit-box;
  display: -webkit-flex;
  display: -ms-flexbox;
  display: flex;
  -webkit-align-items: center;
  -webkit-box-align: center;
  -ms-flex-align: center;
  align-items: center;
  position: relative;
}

.pounce-0 {
  width: 100%;
  height: 100%;
  padding-left: 16px;
  padding-right: 16px;
  padding-top: 20px;
  padding-bottom: 8px;
  position: relative;
  color: #F6F6F6;
  font-size: 0.875rem;
  font-weight: 500;
  background-color: transparent;
  border: 0;
  z-index: 2;
  overflow: hidden;
  text-overflow: ellipsis;
  white-space: nowrap;
}

.pounce-0::-webkit-input-placeholder {
  opacity: 0;
  color: #F6F6F6;
  -webkit-transition: opacity 200ms cubic-bezier(0.0, 0, 0.2, 1) 0ms;
  transition: opacity 200ms cubic-bezier(0.0, 0, 0.2, 1) 0ms;
  font-weight: 500;
}

.pounce-0::-moz-placeholder {
  opacity: 0;
  color: #F6F6F6;
  -webkit-transition: opacity 200ms cubic-bezier(0.0, 0, 0.2, 1) 0ms;
  transition: opacity 200ms cubic-bezier(0.0, 0, 0.2, 1) 0ms;
  font-weight: 500;
}

.pounce-0:-ms-input-placeholder {
  opacity: 0;
  color: #F6F6F6;
  -webkit-transition: opacity 200ms cubic-bezier(0.0, 0, 0.2, 1) 0ms;
  transition: opacity 200ms cubic-bezier(0.0, 0, 0.2, 1) 0ms;
  font-weight: 500;
}

.pounce-0::placeholder {
  opacity: 0;
  color: #F6F6F6;
  -webkit-transition: opacity 200ms cubic-bezier(0.0, 0, 0.2, 1) 0ms;
  transition: opacity 200ms cubic-bezier(0.0, 0, 0.2, 1) 0ms;
  font-weight: 500;
}



.pounce-0:focus::-webkit-input-placeholder {
  opacity: 0.4;
}

.pounce-0:focus::-moz-placeholder {
  opacity: 0.4;
}

.pounce-0:focus:-ms-input-placeholder {
  opacity: 0.4;
}

.pounce-0:focus::placeholder {
  opacity: 0.4;
}

.pounce-0:-webkit-autofill {
  -webkit-box-shadow: 0 0 0 30px #192231 inset;
  -webkit-text-fill-color: #F6F6F6;
  border-radius: 4px;
}

.pounce-1 {
  pointer-events: none;
  font-size: 0.875rem;
  padding-left: 16px;
  padding-right: 16px;
  color: #BDBDBD;
  top: 0;
  position: absolute;
  transform-origin: center left;
  -webkit-transform: translate(6px, 4px) scale(0.65);
  -moz-transform: translate(6px, 4px) scale(0.65);
  -ms-transform: translate(6px, 4px) scale(0.65);
  transform: translate(6px, 4px) scale(0.65);
  -webkit-transition: -webkit-transform 200ms cubic-bezier(0.0, 0, 0.2, 1) 0ms;
  transition: transform 200ms cubic-bezier(0.0, 0, 0.2, 1) 0ms;
  font-weight: 500;
}

.pounce-6 {
  position: absolute;
  top: 8px;
  right: 12px;
  z-index: 2;
}

.pounce-5 {
  outline: none;
  line-height: 1;
  border-radius: 4px;
  height: 32px;
  width: 32px;
  cursor: pointer;
  color: #F6F6F6;
  -webkit-text-decoration: none;
  text-decoration: none;
  background-color: transparent;
  -webkit-transition: all 0.1s linear;
  transition: all 0.1s linear;
}

.pounce-5:focus {
  background-color: rgba(255,255,255,0.1);
}

.pounce-4 {
  display: inline-block;
  vertical-align: sub;
  -webkit-flex-shrink: 0;
  -ms-flex-negative: 0;
  flex-shrink: 0;
  width: 20px;
  height: 20px;
  color: currentColor;
}

<div>
  <div
    class="pounce-7"
  >
    <div
      class="pounce-3"
    >
      <div
        class="pounce-2"
      >
        <input
          aria-autocomplete="none"
          aria-invalid="false"
          aria-readonly="true"
          autocomplete="off"
          class="pounce-0"
          id="test"
          readonly=""
          tabindex="-1"
          type="text"
          value="11/01/2020"
        />
        <label
          class="pounce-1"
          for="test"
        >
          test
        </label>
      </div>
    </div>
    <div
      class="pounce-6"
    >
      <button
        aria-label="Toggle picker"
        aria-pressed="false"
        class="pounce-5"
        type="button"
      >
        <svg
          class="pounce-4"
          role="presentation"
          viewBox="0 0 24 24"
        >
          <path
            d="M19,4 L18,4 L18,2 L16,2 L16,4 L8,4 L8,2 L6,2 L6,4 L5,4 C3.89,4 3.01,4.9 3.01,6 L3,20 C3,21.1 3.89,22 5,22 L19,22 C20.1,22 21,21.1 21,20 L21,6 C21,4.9 20.1,4 19,4 Z M19,20 L5,20 L5,9 L19,9 L19,20 Z"
          />
        </svg>
      </button>
    </div>
  </div>
</div>
`;
