// Jest Snapshot v1, https://goo.gl/fbAQLP

exports[`Month renders 1`] = `
.pounce-14 {
  display: -webkit-box;
  display: -webkit-flex;
  display: -ms-flexbox;
  display: flex;
  -webkit-box-pack: space-around;
  -ms-flex-pack: space-around;
  -webkit-justify-content: space-around;
  justify-content: space-around;
  margin-bottom: 8px;
  padding-top: 8px;
  padding-bottom: 8px;
  border-top: 1px solid;
  border-bottom: 1px solid;
  border-color: #3E516B;
}



.pounce-0 {
  -webkit-text-decoration: none;
  text-decoration: none;
  font-weight: 700;
  font-size: 0.75rem;
}

.pounce-118 {
  display: table;
  border-collapse: separate;
  border-spacing: 0 2px;
}

.pounce-117 {
  display: table-row-group;
}

.pounce-24 {
  display: table-row;
}

.pounce-15 {
  display: table-cell;
  vertical-align: middle;
  text-align: center;
  cursor: pointer;
  position: relative;
}

.pounce-15 [aria-relevant]:hover {
  background-color: #11A5F3;
}

.pounce-15 [aria-placeholder] {
  position: absolute;
  z-index: 1;
  width: 50%;
  height: 100%;
  top: 0;
}



.pounce-15[aria-busy='true']+[aria-selected='true'] [aria-placeholder],
.pounce-15[aria-selected='true']+[aria-busy='true'] [aria-placeholder],
.pounce-15[aria-selected='true']+.pounce-15[aria-selected='true'] [aria-placeholder] {
  background-color: rgba(134,163,195,0.2);
}

.pounce-15[aria-selected='true']+.pounce-15[aria-selected='true'] [aria-placeholder] {
  width: 100%;
  left: -50%;
}

.pounce-15[aria-busy='true']+.pounce-15[aria-selected='true'] [aria-placeholder] {
  left: 0;
}

.pounce-15[aria-selected='true']+.pounce-15[aria-busy='true'] [aria-placeholder] {
  left: -50%;
}

.pounce-15[aria-selected='true'] [aria-relevant] {
  background-color: #0081C5;
}

.pounce-15[aria-busy='true'] [aria-relevant] {
  border-radius: 0;
  background-color: rgba(134,163,195,0.2);
}



.pounce-15[aria-disabled='true']+.pounce-15[aria-busy='true'] [aria-relevant] {
  border-top-left-radius: 4px;
  border-bottom-left-radius: 4px;
}



.pounce-15[aria-busy='true']:last-of-type [aria-relevant] {
  border-top-right-radius: 4px;
  border-bottom-right-radius: 4px;
}

.pounce-15[aria-busy='true']:first-of-type [aria-relevant] {
  border-top-left-radius: 4px;
  border-bottom-left-radius: 4px;
}

.pounce-15[aria-busy='true']:only-of-type [aria-relevant] {
  border-radius: 4px;
}

.pounce-21 {
  pointer-events: none;
}

.pounce-22 {
  padding: 8px;
  border-radius: 99999px;
  position: relative;
  z-index: 2;
  width: 37px;
  height: 37px;
  cursor: pointer;
  color: #F6F6F6;
  -webkit-text-decoration: none;
  text-decoration: none;
  background-color: transparent;
  -webkit-transition: all 0.1s linear;
  transition: all 0.1s linear;
}

<div>
  <div>
    <div
      class="pounce-14"
      role="row"
    >
      <div
        class="pounce-1"
        role="columnheader"
      >
        <abbr
          class="pounce-0"
          title="Monday"
        >
          Mo
        </abbr>
      </div>
      <div
        class="pounce-1"
        role="columnheader"
      >
        <abbr
          class="pounce-0"
          title="Tuesday"
        >
          Tu
        </abbr>
      </div>
      <div
        class="pounce-1"
        role="columnheader"
      >
        <abbr
          class="pounce-0"
          title="Wednesday"
        >
          We
        </abbr>
      </div>
      <div
        class="pounce-1"
        role="columnheader"
      >
        <abbr
          class="pounce-0"
          title="Thursday"
        >
          Th
        </abbr>
      </div>
      <div
        class="pounce-1"
        role="columnheader"
      >
        <abbr
          class="pounce-0"
          title="Friday"
        >
          Fr
        </abbr>
      </div>
      <div
        class="pounce-1"
        role="columnheader"
      >
        <abbr
          class="pounce-0"
          title="Saturday"
        >
          Sa
        </abbr>
      </div>
      <div
        class="pounce-1"
        role="columnheader"
      >
        <abbr
          class="pounce-0"
          title="Sunday"
        >
          Su
        </abbr>
      </div>
    </div>
  </div>
  <div
    class="pounce-118"
  >
    <div
      class="pounce-117"
    >
      <div
        class="pounce-24"
      >
        <div
          aria-disabled="true"
          class="pounce-15"
        />
        <div
          aria-disabled="true"
          class="pounce-15"
        />
        <div
          aria-disabled="true"
          class="pounce-15"
        />
        <div
          aria-disabled="true"
          class="pounce-15"
        />
        <div
          aria-disabled="true"
          class="pounce-15"
        />
        <div
          aria-disabled="true"
          class="pounce-15"
        />
        <div
          aria-busy="false"
          aria-label="Su Nov 01 2020"
          aria-selected="false"
          class="pounce-15"
          role="gridcell"
        >
          <div
            aria-placeholder="true"
            class="pounce-21"
            tabindex="-1"
          />
          <button
            aria-relevant="true"
            class="pounce-22"
            type="button"
          >
            1
          </button>
        </div>
      </div>
      <div
        class="pounce-24"
      >
        <div
          aria-busy="false"
          aria-label="Mo Nov 02 2020"
          aria-selected="false"
          class="pounce-15"
          role="gridcell"
        >
          <div
            aria-placeholder="true"
            class="pounce-21"
            tabindex="-1"
          />
          <button
            aria-relevant="true"
            class="pounce-22"
            type="button"
          >
            2
          </button>
        </div>
        <div
          aria-busy="false"
          aria-label="Tu Nov 03 2020"
          aria-selected="false"
          class="pounce-15"
          role="gridcell"
        >
          <div
            aria-placeholder="true"
            class="pounce-21"
            tabindex="-1"
          />
          <button
            aria-relevant="true"
            class="pounce-22"
            type="button"
          >
            3
          </button>
        </div>
        <div
          aria-busy="false"
          aria-label="We Nov 04 2020"
          aria-selected="false"
          class="pounce-15"
          role="gridcell"
        >
          <div
            aria-placeholder="true"
            class="pounce-21"
            tabindex="-1"
          />
          <button
            aria-relevant="true"
            class="pounce-22"
            type="button"
          >
            4
          </button>
        </div>
        <div
          aria-busy="false"
          aria-label="Th Nov 05 2020"
          aria-selected="false"
          class="pounce-15"
          role="gridcell"
        >
          <div
            aria-placeholder="true"
            class="pounce-21"
            tabindex="-1"
          />
          <button
            aria-relevant="true"
            class="pounce-22"
            type="button"
          >
            5
          </button>
        </div>
        <div
          aria-busy="false"
          aria-label="Fr Nov 06 2020"
          aria-selected="false"
          class="pounce-15"
          role="gridcell"
        >
          <div
            aria-placeholder="true"
            class="pounce-21"
            tabindex="-1"
          />
          <button
            aria-relevant="true"
            class="pounce-22"
            type="button"
          >
            6
          </button>
        </div>
        <div
          aria-busy="false"
          aria-label="Sa Nov 07 2020"
          aria-selected="false"
          class="pounce-15"
          role="gridcell"
        >
          <div
            aria-placeholder="true"
            class="pounce-21"
            tabindex="-1"
          />
          <button
            aria-relevant="true"
            class="pounce-22"
            type="button"
          >
            7
          </button>
        </div>
        <div
          aria-busy="false"
          aria-label="Su Nov 08 2020"
          aria-selected="false"
          class="pounce-15"
          role="gridcell"
        >
          <div
            aria-placeholder="true"
            class="pounce-21"
            tabindex="-1"
          />
          <button
            aria-relevant="true"
            class="pounce-22"
            type="button"
          >
            8
          </button>
        </div>
      </div>
      <div
        class="pounce-24"
      >
        <div
          aria-busy="false"
          aria-label="Mo Nov 09 2020"
          aria-selected="false"
          class="pounce-15"
          role="gridcell"
        >
          <div
            aria-placeholder="true"
            class="pounce-21"
            tabindex="-1"
          />
          <button
            aria-relevant="true"
            class="pounce-22"
            type="button"
          >
            9
          </button>
        </div>
        <div
          aria-busy="false"
          aria-label="Tu Nov 10 2020"
          aria-selected="false"
          class="pounce-15"
          role="gridcell"
        >
          <div
            aria-placeholder="true"
            class="pounce-21"
            tabindex="-1"
          />
          <button
            aria-relevant="true"
            class="pounce-22"
            type="button"
          >
            10
          </button>
        </div>
        <div
          aria-busy="false"
          aria-label="We Nov 11 2020"
          aria-selected="false"
          class="pounce-15"
          role="gridcell"
        >
          <div
            aria-placeholder="true"
            class="pounce-21"
            tabindex="-1"
          />
          <button
            aria-relevant="true"
            class="pounce-22"
            type="button"
          >
            11
          </button>
        </div>
        <div
          aria-busy="false"
          aria-label="Th Nov 12 2020"
          aria-selected="false"
          class="pounce-15"
          role="gridcell"
        >
          <div
            aria-placeholder="true"
            class="pounce-21"
            tabindex="-1"
          />
          <button
            aria-relevant="true"
            class="pounce-22"
            type="button"
          >
            12
          </button>
        </div>
        <div
          aria-busy="false"
          aria-label="Fr Nov 13 2020"
          aria-selected="false"
          class="pounce-15"
          role="gridcell"
        >
          <div
            aria-placeholder="true"
            class="pounce-21"
            tabindex="-1"
          />
          <button
            aria-relevant="true"
            class="pounce-22"
            type="button"
          >
            13
          </button>
        </div>
        <div
          aria-busy="false"
          aria-label="Sa Nov 14 2020"
          aria-selected="false"
          class="pounce-15"
          role="gridcell"
        >
          <div
            aria-placeholder="true"
            class="pounce-21"
            tabindex="-1"
          />
          <button
            aria-relevant="true"
            class="pounce-22"
            type="button"
          >
            14
          </button>
        </div>
        <div
          aria-busy="false"
          aria-label="Su Nov 15 2020"
          aria-selected="false"
          class="pounce-15"
          role="gridcell"
        >
          <div
            aria-placeholder="true"
            class="pounce-21"
            tabindex="-1"
          />
          <button
            aria-relevant="true"
            class="pounce-22"
            type="button"
          >
            15
          </button>
        </div>
      </div>
      <div
        class="pounce-24"
      >
        <div
          aria-busy="false"
          aria-label="Mo Nov 16 2020"
          aria-selected="false"
          class="pounce-15"
          role="gridcell"
        >
          <div
            aria-placeholder="true"
            class="pounce-21"
            tabindex="-1"
          />
          <button
            aria-relevant="true"
            class="pounce-22"
            type="button"
          >
            16
          </button>
        </div>
        <div
          aria-busy="false"
          aria-label="Tu Nov 17 2020"
          aria-selected="false"
          class="pounce-15"
          role="gridcell"
        >
          <div
            aria-placeholder="true"
            class="pounce-21"
            tabindex="-1"
          />
          <button
            aria-relevant="true"
            class="pounce-22"
            type="button"
          >
            17
          </button>
        </div>
        <div
          aria-busy="false"
          aria-label="We Nov 18 2020"
          aria-selected="false"
          class="pounce-15"
          role="gridcell"
        >
          <div
            aria-placeholder="true"
            class="pounce-21"
            tabindex="-1"
          />
          <button
            aria-relevant="true"
            class="pounce-22"
            type="button"
          >
            18
          </button>
        </div>
        <div
          aria-busy="false"
          aria-label="Th Nov 19 2020"
          aria-selected="false"
          class="pounce-15"
          role="gridcell"
        >
          <div
            aria-placeholder="true"
            class="pounce-21"
            tabindex="-1"
          />
          <button
            aria-relevant="true"
            class="pounce-22"
            type="button"
          >
            19
          </button>
        </div>
        <div
          aria-busy="false"
          aria-label="Fr Nov 20 2020"
          aria-selected="false"
          class="pounce-15"
          role="gridcell"
        >
          <div
            aria-placeholder="true"
            class="pounce-21"
            tabindex="-1"
          />
          <button
            aria-relevant="true"
            class="pounce-22"
            type="button"
          >
            20
          </button>
        </div>
        <div
          aria-busy="false"
          aria-label="Sa Nov 21 2020"
          aria-selected="false"
          class="pounce-15"
          role="gridcell"
        >
          <div
            aria-placeholder="true"
            class="pounce-21"
            tabindex="-1"
          />
          <button
            aria-relevant="true"
            class="pounce-22"
            type="button"
          >
            21
          </button>
        </div>
        <div
          aria-busy="false"
          aria-label="Su Nov 22 2020"
          aria-selected="false"
          class="pounce-15"
          role="gridcell"
        >
          <div
            aria-placeholder="true"
            class="pounce-21"
            tabindex="-1"
          />
          <button
            aria-relevant="true"
            class="pounce-22"
            type="button"
          >
            22
          </button>
        </div>
      </div>
      <div
        class="pounce-24"
      >
        <div
          aria-busy="false"
          aria-label="Mo Nov 23 2020"
          aria-selected="false"
          class="pounce-15"
          role="gridcell"
        >
          <div
            aria-placeholder="true"
            class="pounce-21"
            tabindex="-1"
          />
          <button
            aria-relevant="true"
            class="pounce-22"
            type="button"
          >
            23
          </button>
        </div>
        <div
          aria-busy="false"
          aria-label="Tu Nov 24 2020"
          aria-selected="false"
          class="pounce-15"
          role="gridcell"
        >
          <div
            aria-placeholder="true"
            class="pounce-21"
            tabindex="-1"
          />
          <button
            aria-relevant="true"
            class="pounce-22"
            type="button"
          >
            24
          </button>
        </div>
        <div
          aria-busy="false"
          aria-label="We Nov 25 2020"
          aria-selected="false"
          class="pounce-15"
          role="gridcell"
        >
          <div
            aria-placeholder="true"
            class="pounce-21"
            tabindex="-1"
          />
          <button
            aria-relevant="true"
            class="pounce-22"
            type="button"
          >
            25
          </button>
        </div>
        <div
          aria-busy="false"
          aria-label="Th Nov 26 2020"
          aria-selected="false"
          class="pounce-15"
          role="gridcell"
        >
          <div
            aria-placeholder="true"
            class="pounce-21"
            tabindex="-1"
          />
          <button
            aria-relevant="true"
            class="pounce-22"
            type="button"
          >
            26
          </button>
        </div>
        <div
          aria-busy="false"
          aria-label="Fr Nov 27 2020"
          aria-selected="false"
          class="pounce-15"
          role="gridcell"
        >
          <div
            aria-placeholder="true"
            class="pounce-21"
            tabindex="-1"
          />
          <button
            aria-relevant="true"
            class="pounce-22"
            type="button"
          >
            27
          </button>
        </div>
        <div
          aria-busy="false"
          aria-label="Sa Nov 28 2020"
          aria-selected="false"
          class="pounce-15"
          role="gridcell"
        >
          <div
            aria-placeholder="true"
            class="pounce-21"
            tabindex="-1"
          />
          <button
            aria-relevant="true"
            class="pounce-22"
            type="button"
          >
            28
          </button>
        </div>
        <div
          aria-busy="false"
          aria-label="Su Nov 29 2020"
          aria-selected="false"
          class="pounce-15"
          role="gridcell"
        >
          <div
            aria-placeholder="true"
            class="pounce-21"
            tabindex="-1"
          />
          <button
            aria-relevant="true"
            class="pounce-22"
            type="button"
          >
            29
          </button>
        </div>
      </div>
      <div
        class="pounce-24"
      >
        <div
          aria-busy="false"
          aria-label="Mo Nov 30 2020"
          aria-selected="false"
          class="pounce-15"
          role="gridcell"
        >
          <div
            aria-placeholder="true"
            class="pounce-21"
            tabindex="-1"
          />
          <button
            aria-relevant="true"
            class="pounce-22"
            type="button"
          >
            30
          </button>
        </div>
      </div>
    </div>
  </div>
</div>
`;

exports[`Month renders with a selected day 1`] = `
.pounce-14 {
  display: -webkit-box;
  display: -webkit-flex;
  display: -ms-flexbox;
  display: flex;
  -webkit-box-pack: space-around;
  -ms-flex-pack: space-around;
  -webkit-justify-content: space-around;
  justify-content: space-around;
  margin-bottom: 8px;
  padding-top: 8px;
  padding-bottom: 8px;
  border-top: 1px solid;
  border-bottom: 1px solid;
  border-color: #3E516B;
}



.pounce-0 {
  -webkit-text-decoration: none;
  text-decoration: none;
  font-weight: 700;
  font-size: 0.75rem;
}

.pounce-118 {
  display: table;
  border-collapse: separate;
  border-spacing: 0 2px;
}

.pounce-117 {
  display: table-row-group;
}

.pounce-24 {
  display: table-row;
}

.pounce-15 {
  display: table-cell;
  vertical-align: middle;
  text-align: center;
  cursor: pointer;
  position: relative;
}

.pounce-15 [aria-relevant]:hover {
  background-color: #11A5F3;
}

.pounce-15 [aria-placeholder] {
  position: absolute;
  z-index: 1;
  width: 50%;
  height: 100%;
  top: 0;
}



.pounce-15[aria-busy='true']+[aria-selected='true'] [aria-placeholder],
.pounce-15[aria-selected='true']+[aria-busy='true'] [aria-placeholder],
.pounce-15[aria-selected='true']+.pounce-15[aria-selected='true'] [aria-placeholder] {
  background-color: rgba(134,163,195,0.2);
}

.pounce-15[aria-selected='true']+.pounce-15[aria-selected='true'] [aria-placeholder] {
  width: 100%;
  left: -50%;
}

.pounce-15[aria-busy='true']+.pounce-15[aria-selected='true'] [aria-placeholder] {
  left: 0;
}

.pounce-15[aria-selected='true']+.pounce-15[aria-busy='true'] [aria-placeholder] {
  left: -50%;
}

.pounce-15[aria-selected='true'] [aria-relevant] {
  background-color: #0081C5;
}

.pounce-15[aria-busy='true'] [aria-relevant] {
  border-radius: 0;
  background-color: rgba(134,163,195,0.2);
}



.pounce-15[aria-disabled='true']+.pounce-15[aria-busy='true'] [aria-relevant] {
  border-top-left-radius: 4px;
  border-bottom-left-radius: 4px;
}



.pounce-15[aria-busy='true']:last-of-type [aria-relevant] {
  border-top-right-radius: 4px;
  border-bottom-right-radius: 4px;
}

.pounce-15[aria-busy='true']:first-of-type [aria-relevant] {
  border-top-left-radius: 4px;
  border-bottom-left-radius: 4px;
}

.pounce-15[aria-busy='true']:only-of-type [aria-relevant] {
  border-radius: 4px;
}

.pounce-21 {
  pointer-events: none;
}

.pounce-22 {
  padding: 8px;
  border-radius: 99999px;
  position: relative;
  z-index: 2;
  width: 37px;
  height: 37px;
  cursor: pointer;
  color: #F6F6F6;
  -webkit-text-decoration: none;
  text-decoration: none;
  background-color: transparent;
  -webkit-transition: all 0.1s linear;
  transition: all 0.1s linear;
}

<div>
  <div>
    <div
      class="pounce-14"
      role="row"
    >
      <div
        class="pounce-1"
        role="columnheader"
      >
        <abbr
          class="pounce-0"
          title="Monday"
        >
          Mo
        </abbr>
      </div>
      <div
        class="pounce-1"
        role="columnheader"
      >
        <abbr
          class="pounce-0"
          title="Tuesday"
        >
          Tu
        </abbr>
      </div>
      <div
        class="pounce-1"
        role="columnheader"
      >
        <abbr
          class="pounce-0"
          title="Wednesday"
        >
          We
        </abbr>
      </div>
      <div
        class="pounce-1"
        role="columnheader"
      >
        <abbr
          class="pounce-0"
          title="Thursday"
        >
          Th
        </abbr>
      </div>
      <div
        class="pounce-1"
        role="columnheader"
      >
        <abbr
          class="pounce-0"
          title="Friday"
        >
          Fr
        </abbr>
      </div>
      <div
        class="pounce-1"
        role="columnheader"
      >
        <abbr
          class="pounce-0"
          title="Saturday"
        >
          Sa
        </abbr>
      </div>
      <div
        class="pounce-1"
        role="columnheader"
      >
        <abbr
          class="pounce-0"
          title="Sunday"
        >
          Su
        </abbr>
      </div>
    </div>
  </div>
  <div
    class="pounce-118"
  >
    <div
      class="pounce-117"
    >
      <div
        class="pounce-24"
      >
        <div
          aria-disabled="true"
          class="pounce-15"
        />
        <div
          aria-disabled="true"
          class="pounce-15"
        />
        <div
          aria-disabled="true"
          class="pounce-15"
        />
        <div
          aria-disabled="true"
          class="pounce-15"
        />
        <div
          aria-disabled="true"
          class="pounce-15"
        />
        <div
          aria-disabled="true"
          class="pounce-15"
        />
        <div
          aria-busy="false"
          aria-label="Su Nov 01 2020"
          aria-selected="true"
          class="pounce-15"
          role="gridcell"
        >
          <div
            aria-placeholder="true"
            class="pounce-21"
            tabindex="-1"
          />
          <button
            aria-relevant="true"
            class="pounce-22"
            type="button"
          >
            1
          </button>
        </div>
      </div>
      <div
        class="pounce-24"
      >
        <div
          aria-busy="false"
          aria-label="Mo Nov 02 2020"
          aria-selected="false"
          class="pounce-15"
          role="gridcell"
        >
          <div
            aria-placeholder="true"
            class="pounce-21"
            tabindex="-1"
          />
          <button
            aria-relevant="true"
            class="pounce-22"
            type="button"
          >
            2
          </button>
        </div>
        <div
          aria-busy="false"
          aria-label="Tu Nov 03 2020"
          aria-selected="false"
          class="pounce-15"
          role="gridcell"
        >
          <div
            aria-placeholder="true"
            class="pounce-21"
            tabindex="-1"
          />
          <button
            aria-relevant="true"
            class="pounce-22"
            type="button"
          >
            3
          </button>
        </div>
        <div
          aria-busy="false"
          aria-label="We Nov 04 2020"
          aria-selected="false"
          class="pounce-15"
          role="gridcell"
        >
          <div
            aria-placeholder="true"
            class="pounce-21"
            tabindex="-1"
          />
          <button
            aria-relevant="true"
            class="pounce-22"
            type="button"
          >
            4
          </button>
        </div>
        <div
          aria-busy="false"
          aria-label="Th Nov 05 2020"
          aria-selected="false"
          class="pounce-15"
          role="gridcell"
        >
          <div
            aria-placeholder="true"
            class="pounce-21"
            tabindex="-1"
          />
          <button
            aria-relevant="true"
            class="pounce-22"
            type="button"
          >
            5
          </button>
        </div>
        <div
          aria-busy="false"
          aria-label="Fr Nov 06 2020"
          aria-selected="false"
          class="pounce-15"
          role="gridcell"
        >
          <div
            aria-placeholder="true"
            class="pounce-21"
            tabindex="-1"
          />
          <button
            aria-relevant="true"
            class="pounce-22"
            type="button"
          >
            6
          </button>
        </div>
        <div
          aria-busy="false"
          aria-label="Sa Nov 07 2020"
          aria-selected="false"
          class="pounce-15"
          role="gridcell"
        >
          <div
            aria-placeholder="true"
            class="pounce-21"
            tabindex="-1"
          />
          <button
            aria-relevant="true"
            class="pounce-22"
            type="button"
          >
            7
          </button>
        </div>
        <div
          aria-busy="false"
          aria-label="Su Nov 08 2020"
          aria-selected="false"
          class="pounce-15"
          role="gridcell"
        >
          <div
            aria-placeholder="true"
            class="pounce-21"
            tabindex="-1"
          />
          <button
            aria-relevant="true"
            class="pounce-22"
            type="button"
          >
            8
          </button>
        </div>
      </div>
      <div
        class="pounce-24"
      >
        <div
          aria-busy="false"
          aria-label="Mo Nov 09 2020"
          aria-selected="false"
          class="pounce-15"
          role="gridcell"
        >
          <div
            aria-placeholder="true"
            class="pounce-21"
            tabindex="-1"
          />
          <button
            aria-relevant="true"
            class="pounce-22"
            type="button"
          >
            9
          </button>
        </div>
        <div
          aria-busy="false"
          aria-label="Tu Nov 10 2020"
          aria-selected="false"
          class="pounce-15"
          role="gridcell"
        >
          <div
            aria-placeholder="true"
            class="pounce-21"
            tabindex="-1"
          />
          <button
            aria-relevant="true"
            class="pounce-22"
            type="button"
          >
            10
          </button>
        </div>
        <div
          aria-busy="false"
          aria-label="We Nov 11 2020"
          aria-selected="false"
          class="pounce-15"
          role="gridcell"
        >
          <div
            aria-placeholder="true"
            class="pounce-21"
            tabindex="-1"
          />
          <button
            aria-relevant="true"
            class="pounce-22"
            type="button"
          >
            11
          </button>
        </div>
        <div
          aria-busy="false"
          aria-label="Th Nov 12 2020"
          aria-selected="false"
          class="pounce-15"
          role="gridcell"
        >
          <div
            aria-placeholder="true"
            class="pounce-21"
            tabindex="-1"
          />
          <button
            aria-relevant="true"
            class="pounce-22"
            type="button"
          >
            12
          </button>
        </div>
        <div
          aria-busy="false"
          aria-label="Fr Nov 13 2020"
          aria-selected="false"
          class="pounce-15"
          role="gridcell"
        >
          <div
            aria-placeholder="true"
            class="pounce-21"
            tabindex="-1"
          />
          <button
            aria-relevant="true"
            class="pounce-22"
            type="button"
          >
            13
          </button>
        </div>
        <div
          aria-busy="false"
          aria-label="Sa Nov 14 2020"
          aria-selected="false"
          class="pounce-15"
          role="gridcell"
        >
          <div
            aria-placeholder="true"
            class="pounce-21"
            tabindex="-1"
          />
          <button
            aria-relevant="true"
            class="pounce-22"
            type="button"
          >
            14
          </button>
        </div>
        <div
          aria-busy="false"
          aria-label="Su Nov 15 2020"
          aria-selected="false"
          class="pounce-15"
          role="gridcell"
        >
          <div
            aria-placeholder="true"
            class="pounce-21"
            tabindex="-1"
          />
          <button
            aria-relevant="true"
            class="pounce-22"
            type="button"
          >
            15
          </button>
        </div>
      </div>
      <div
        class="pounce-24"
      >
        <div
          aria-busy="false"
          aria-label="Mo Nov 16 2020"
          aria-selected="false"
          class="pounce-15"
          role="gridcell"
        >
          <div
            aria-placeholder="true"
            class="pounce-21"
            tabindex="-1"
          />
          <button
            aria-relevant="true"
            class="pounce-22"
            type="button"
          >
            16
          </button>
        </div>
        <div
          aria-busy="false"
          aria-label="Tu Nov 17 2020"
          aria-selected="false"
          class="pounce-15"
          role="gridcell"
        >
          <div
            aria-placeholder="true"
            class="pounce-21"
            tabindex="-1"
          />
          <button
            aria-relevant="true"
            class="pounce-22"
            type="button"
          >
            17
          </button>
        </div>
        <div
          aria-busy="false"
          aria-label="We Nov 18 2020"
          aria-selected="false"
          class="pounce-15"
          role="gridcell"
        >
          <div
            aria-placeholder="true"
            class="pounce-21"
            tabindex="-1"
          />
          <button
            aria-relevant="true"
            class="pounce-22"
            type="button"
          >
            18
          </button>
        </div>
        <div
          aria-busy="false"
          aria-label="Th Nov 19 2020"
          aria-selected="false"
          class="pounce-15"
          role="gridcell"
        >
          <div
            aria-placeholder="true"
            class="pounce-21"
            tabindex="-1"
          />
          <button
            aria-relevant="true"
            class="pounce-22"
            type="button"
          >
            19
          </button>
        </div>
        <div
          aria-busy="false"
          aria-label="Fr Nov 20 2020"
          aria-selected="false"
          class="pounce-15"
          role="gridcell"
        >
          <div
            aria-placeholder="true"
            class="pounce-21"
            tabindex="-1"
          />
          <button
            aria-relevant="true"
            class="pounce-22"
            type="button"
          >
            20
          </button>
        </div>
        <div
          aria-busy="false"
          aria-label="Sa Nov 21 2020"
          aria-selected="false"
          class="pounce-15"
          role="gridcell"
        >
          <div
            aria-placeholder="true"
            class="pounce-21"
            tabindex="-1"
          />
          <button
            aria-relevant="true"
            class="pounce-22"
            type="button"
          >
            21
          </button>
        </div>
        <div
          aria-busy="false"
          aria-label="Su Nov 22 2020"
          aria-selected="false"
          class="pounce-15"
          role="gridcell"
        >
          <div
            aria-placeholder="true"
            class="pounce-21"
            tabindex="-1"
          />
          <button
            aria-relevant="true"
            class="pounce-22"
            type="button"
          >
            22
          </button>
        </div>
      </div>
      <div
        class="pounce-24"
      >
        <div
          aria-busy="false"
          aria-label="Mo Nov 23 2020"
          aria-selected="false"
          class="pounce-15"
          role="gridcell"
        >
          <div
            aria-placeholder="true"
            class="pounce-21"
            tabindex="-1"
          />
          <button
            aria-relevant="true"
            class="pounce-22"
            type="button"
          >
            23
          </button>
        </div>
        <div
          aria-busy="false"
          aria-label="Tu Nov 24 2020"
          aria-selected="false"
          class="pounce-15"
          role="gridcell"
        >
          <div
            aria-placeholder="true"
            class="pounce-21"
            tabindex="-1"
          />
          <button
            aria-relevant="true"
            class="pounce-22"
            type="button"
          >
            24
          </button>
        </div>
        <div
          aria-busy="false"
          aria-label="We Nov 25 2020"
          aria-selected="false"
          class="pounce-15"
          role="gridcell"
        >
          <div
            aria-placeholder="true"
            class="pounce-21"
            tabindex="-1"
          />
          <button
            aria-relevant="true"
            class="pounce-22"
            type="button"
          >
            25
          </button>
        </div>
        <div
          aria-busy="false"
          aria-label="Th Nov 26 2020"
          aria-selected="false"
          class="pounce-15"
          role="gridcell"
        >
          <div
            aria-placeholder="true"
            class="pounce-21"
            tabindex="-1"
          />
          <button
            aria-relevant="true"
            class="pounce-22"
            type="button"
          >
            26
          </button>
        </div>
        <div
          aria-busy="false"
          aria-label="Fr Nov 27 2020"
          aria-selected="false"
          class="pounce-15"
          role="gridcell"
        >
          <div
            aria-placeholder="true"
            class="pounce-21"
            tabindex="-1"
          />
          <button
            aria-relevant="true"
            class="pounce-22"
            type="button"
          >
            27
          </button>
        </div>
        <div
          aria-busy="false"
          aria-label="Sa Nov 28 2020"
          aria-selected="false"
          class="pounce-15"
          role="gridcell"
        >
          <div
            aria-placeholder="true"
            class="pounce-21"
            tabindex="-1"
          />
          <button
            aria-relevant="true"
            class="pounce-22"
            type="button"
          >
            28
          </button>
        </div>
        <div
          aria-busy="false"
          aria-label="Su Nov 29 2020"
          aria-selected="false"
          class="pounce-15"
          role="gridcell"
        >
          <div
            aria-placeholder="true"
            class="pounce-21"
            tabindex="-1"
          />
          <button
            aria-relevant="true"
            class="pounce-22"
            type="button"
          >
            29
          </button>
        </div>
      </div>
      <div
        class="pounce-24"
      >
        <div
          aria-busy="false"
          aria-label="Mo Nov 30 2020"
          aria-selected="false"
          class="pounce-15"
          role="gridcell"
        >
          <div
            aria-placeholder="true"
            class="pounce-21"
            tabindex="-1"
          />
          <button
            aria-relevant="true"
            class="pounce-22"
            type="button"
          >
            30
          </button>
        </div>
      </div>
    </div>
  </div>
</div>
`;
