// Jest Snapshot v1, https://goo.gl/fbAQLP

exports[`renders 1`] = `
<div>
  <button
    aria-controls="menu--1"
    aria-haspopup="true"
    data-reach-menu-button=""
    id="menu-button--menu"
    type="button"
    variant="outline"
  >
    Hello
  </button>
</div>
`;
