// Jest Snapshot v1, https://goo.gl/fbAQLP

exports[`Tabs renders 1`] = `
.pounce-2 {
  display: -webkit-box;
  display: -webkit-flex;
  display: -ms-flexbox;
  display: flex;
  -webkit-box-flex-wrap: wrap;
  -webkit-flex-wrap: wrap;
  -ms-flex-wrap: wrap;
  flex-wrap: wrap;
}

.pounce-0 {
  z-index: 1;
  cursor: pointer;
  color: white-200;
  -webkit-text-decoration: none;
  text-decoration: none;
  background-color: transparent;
  -webkit-transition: all 0.1s linear;
  transition: all 0.1s linear;
}

.pounce-3 {
  outline: none;
}

<div>
  <div
    data-orientation="horizontal"
    data-reach-tabs=""
  >
    <div
      aria-orientation="horizontal"
      class="pounce-2"
      data-reach-tab-list=""
      role="tablist"
    >
      <button
        aria-controls="tabs--1--panel--0"
        aria-selected="true"
        class="pounce-0"
        data-orientation="horizontal"
        data-reach-tab=""
        data-selected=""
        id="tabs--1--tab--0"
        role="tab"
        tabindex="0"
        type="button"
      >
        1
      </button>
      <button
        aria-controls="tabs--1--panel--1"
        aria-selected="false"
        class="pounce-0"
        data-orientation="horizontal"
        data-reach-tab=""
        id="tabs--1--tab--1"
        role="tab"
        tabindex="-1"
        type="button"
      >
        2
      </button>
    </div>
    <div
      data-reach-tab-panels=""
    >
      <div
        aria-labelledby="tabs--1--tab--0"
        class="pounce-3"
        data-reach-tab-panel=""
        id="tabs--1--panel--0"
        role="tabpanel"
        tabindex="-1"
      >
        One
      </div>
      <div
        aria-labelledby="tabs--1--tab--1"
        class="pounce-3"
        data-reach-tab-panel=""
        hidden=""
        id="tabs--1--panel--1"
        role="tabpanel"
        tabindex="-1"
      >
        Two
      </div>
    </div>
  </div>
</div>
`;
