// Jest Snapshot v1, https://goo.gl/fbAQLP

exports[`Icon renders \`color\` correctly 1`] = `
.pounce-0 {
  display: inline-block;
  vertical-align: sub;
  -webkit-flex-shrink: 0;
  -ms-flex-negative: 0;
  flex-shrink: 0;
  width: 24px;
  height: 24px;
  color: #ACE2FF;
}

.pounce-1 {
  display: inline-block;
  vertical-align: sub;
  -webkit-flex-shrink: 0;
  -ms-flex-negative: 0;
  flex-shrink: 0;
  width: 24px;
  height: 24px;
  color: #169CA7;
}

<div>
  <svg
    aria-label="Test brackets"
    class="pounce-0"
    role="presentation"
    viewBox="0 0 24 24"
  >
    <path
      d="M0 0h24v24H0z"
      fill="none"
    />
    <path
      d="M9.13 21.156l.446-1.308c-1.07-.347-1.624-1.293-1.661-2.84v-1.975c0-1.404-.535-2.39-1.605-2.96 1.07-.563 1.605-1.54 1.605-2.931V7.138c.037-1.547.59-2.493 1.66-2.84L9.13 3c-1.088.31-1.912.807-2.472 1.494-.56.686-.849 1.586-.867 2.7V9.16c0 1.398-.597 2.097-1.791 2.097v1.651c1.194 0 1.79.696 1.79 2.088v1.976c.044 2.177 1.157 3.571 3.34 4.184zm5.796 0c1.12-.316 1.956-.827 2.51-1.536.553-.708.83-1.64.83-2.797v-1.827c0-1.392.6-2.088 1.8-2.088v-1.651c-1.2 0-1.8-.696-1.8-2.088V7.314c0-1.144-.276-2.07-.826-2.779-.55-.708-1.389-1.22-2.514-1.535l-.446 1.299c1.089.352 1.646 1.317 1.67 2.894v1.92c0 1.448.563 2.438 1.689 2.97-1.126.531-1.689 1.512-1.689 2.94v1.93c-.024 1.577-.581 2.542-1.67 2.895l.446 1.308z"
    />
  </svg>
  <svg
    aria-label="Test"
    class="pounce-1"
    role="presentation"
    viewBox="0 0 24 24"
  >
    <path
      d="M20 13.1429H13.1429V20H10.8571V13.1429H4V10.8571H10.8571V4H13.1429V10.8571H20V13.1429Z"
    />
  </svg>
</div>
`;

exports[`Icon renders \`size\` correctly 1`] = `
.pounce-0 {
  display: inline-block;
  vertical-align: sub;
  -webkit-flex-shrink: 0;
  -ms-flex-negative: 0;
  flex-shrink: 0;
  width: 12px;
  height: 12px;
  color: currentColor;
}

.pounce-1 {
  display: inline-block;
  vertical-align: sub;
  -webkit-flex-shrink: 0;
  -ms-flex-negative: 0;
  flex-shrink: 0;
  width: 16px;
  height: 16px;
  color: currentColor;
}

.pounce-2 {
  display: inline-block;
  vertical-align: sub;
  -webkit-flex-shrink: 0;
  -ms-flex-negative: 0;
  flex-shrink: 0;
  width: 20px;
  height: 20px;
  color: currentColor;
}

.pounce-3 {
  display: inline-block;
  vertical-align: sub;
  -webkit-flex-shrink: 0;
  -ms-flex-negative: 0;
  flex-shrink: 0;
  width: 24px;
  height: 24px;
  color: currentColor;
}

<div>
  <svg
    aria-label="Test brackets"
    class="pounce-0"
    role="presentation"
    viewBox="0 0 24 24"
  >
    <path
      d="M0 0h24v24H0z"
      fill="none"
    />
    <path
      d="M9.13 21.156l.446-1.308c-1.07-.347-1.624-1.293-1.661-2.84v-1.975c0-1.404-.535-2.39-1.605-2.96 1.07-.563 1.605-1.54 1.605-2.931V7.138c.037-1.547.59-2.493 1.66-2.84L9.13 3c-1.088.31-1.912.807-2.472 1.494-.56.686-.849 1.586-.867 2.7V9.16c0 1.398-.597 2.097-1.791 2.097v1.651c1.194 0 1.79.696 1.79 2.088v1.976c.044 2.177 1.157 3.571 3.34 4.184zm5.796 0c1.12-.316 1.956-.827 2.51-1.536.553-.708.83-1.64.83-2.797v-1.827c0-1.392.6-2.088 1.8-2.088v-1.651c-1.2 0-1.8-.696-1.8-2.088V7.314c0-1.144-.276-2.07-.826-2.779-.55-.708-1.389-1.22-2.514-1.535l-.446 1.299c1.089.352 1.646 1.317 1.67 2.894v1.92c0 1.448.563 2.438 1.689 2.97-1.126.531-1.689 1.512-1.689 2.94v1.93c-.024 1.577-.581 2.542-1.67 2.895l.446 1.308z"
    />
  </svg>
  <svg
    aria-label="Test"
    class="pounce-1"
    role="presentation"
    viewBox="0 0 24 24"
  >
    <path
      d="M20 13.1429H13.1429V20H10.8571V13.1429H4V10.8571H10.8571V4H13.1429V10.8571H20V13.1429Z"
    />
  </svg>
  <svg
    aria-label="Test arrow"
    class="pounce-2"
    role="presentation"
    viewBox="0 0 24 24"
  >
    <path
      d="M20 11H7.83L13.42 5.41L12 4L4 12L12 20L13.41 18.59L7.83 13H20V11Z"
    />
  </svg>
  <svg
    aria-label="Test timer"
    class="pounce-3"
    role="presentation"
    viewBox="0 0 24 24"
  >
    <path
      d="M11 17C11 17.55 11.45 18 12 18C12.55 18 13 17.55 13 17C13 16.45 12.55 16 12 16C11.45 16 11 16.45 11 17ZM11 3V7H13V5.08C16.39 5.57 19 8.47 19 12C19 15.87 15.87 19 12 19C8.13 19 5 15.87 5 12C5 10.32 5.59 8.78 6.58 7.58L12 13L13.41 11.59L6.61 4.79V4.81C4.42 6.45 3 9.05 3 12C3 16.97 7.02 21 12 21C16.97 21 21 16.97 21 12C21 7.03 16.97 3 12 3H11ZM18 12C18 11.45 17.55 11 17 11C16.45 11 16 11.45 16 12C16 12.55 16.45 13 17 13C17.55 13 18 12.55 18 12ZM6 12C6 12.55 6.45 13 7 13C7.55 13 8 12.55 8 12C8 11.45 7.55 11 7 11C6.45 11 6 11.45 6 12Z"
    />
  </svg>
</div>
`;
