// Jest Snapshot v1, https://goo.gl/fbAQLP

exports[`renders 1`] = `
.pounce-2 {
  position: relative;
}

.pounce-7 {
  min-height: 47px;
  position: relative;
  border: 1px solid;
  -webkit-transition: border-color 200ms cubic-bezier(0.0, 0, 0.2, 1) 0ms;
  transition: border-color 200ms cubic-bezier(0.0, 0, 0.2, 1) 0ms;
  background-color: transparent;
  border-radius: 4px;
  border-color: #3E516B;
}

.pounce-7:hover {
  border-color: #0081C5;
}

.pounce-7:focus-within {
  border-color: #0081C5;
}

.pounce-7:focus-within span {
  opacity: 1;
  visibility: visible;
}

.pounce-7:focus-within label {
  font-weight: 500;
  -webkit-transform: translate(6px, 4px) scale(0.65);
  -moz-transform: translate(6px, 4px) scale(0.65);
  -ms-transform: translate(6px, 4px) scale(0.65);
  transform: translate(6px, 4px) scale(0.65);
}

.pounce-6 {
  display: -webkit-box;
  display: -webkit-flex;
  display: -ms-flexbox;
  display: flex;
  -webkit-align-items: center;
  -webkit-box-align: center;
  -ms-flex-align: center;
  align-items: center;
}

.pounce-0 {
  width: 100%;
  height: 100%;
  padding-left: 16px;
  padding-right: 16px;
  padding-top: 20px;
  padding-bottom: 8px;
  position: relative;
  color: #F6F6F6;
  font-size: 0.875rem;
  font-weight: 500;
  background-color: transparent;
  border: 0;
}

.pounce-0::-webkit-input-placeholder {
  opacity: 0;
  color: #F6F6F6;
  -webkit-transition: opacity 200ms cubic-bezier(0.0, 0, 0.2, 1) 0ms;
  transition: opacity 200ms cubic-bezier(0.0, 0, 0.2, 1) 0ms;
  font-weight: 500;
}

.pounce-0::-moz-placeholder {
  opacity: 0;
  color: #F6F6F6;
  -webkit-transition: opacity 200ms cubic-bezier(0.0, 0, 0.2, 1) 0ms;
  transition: opacity 200ms cubic-bezier(0.0, 0, 0.2, 1) 0ms;
  font-weight: 500;
}

.pounce-0:-ms-input-placeholder {
  opacity: 0;
  color: #F6F6F6;
  -webkit-transition: opacity 200ms cubic-bezier(0.0, 0, 0.2, 1) 0ms;
  transition: opacity 200ms cubic-bezier(0.0, 0, 0.2, 1) 0ms;
  font-weight: 500;
}

.pounce-0::placeholder {
  opacity: 0;
  color: #F6F6F6;
  -webkit-transition: opacity 200ms cubic-bezier(0.0, 0, 0.2, 1) 0ms;
  transition: opacity 200ms cubic-bezier(0.0, 0, 0.2, 1) 0ms;
  font-weight: 500;
}



.pounce-0:focus::-webkit-input-placeholder {
  opacity: 0.4;
}

.pounce-0:focus::-moz-placeholder {
  opacity: 0.4;
}

.pounce-0:focus:-ms-input-placeholder {
  opacity: 0.4;
}

.pounce-0:focus::placeholder {
  opacity: 0.4;
}

.pounce-0:-webkit-autofill {
  -webkit-box-shadow: 0 0 0 30px #192231 inset;
  -webkit-text-fill-color: #F6F6F6;
  border-radius: 4px;
}

.pounce-1 {
  pointer-events: none;
  font-size: 0.875rem;
  padding-left: 16px;
  padding-right: 16px;
  color: #BDBDBD;
  top: 0;
  left: 0;
  position: absolute;
  transform-origin: center left;
  -webkit-transform: translate(0, 14px) scale(1);
  -moz-transform: translate(0, 14px) scale(1);
  -ms-transform: translate(0, 14px) scale(1);
  transform: translate(0, 14px) scale(1);
  -webkit-transition: -webkit-transform 200ms cubic-bezier(0.0, 0, 0.2, 1) 0ms;
  transition: transform 200ms cubic-bezier(0.0, 0, 0.2, 1) 0ms;
  font-weight: 400;
}

<div>
  <fieldset
    class="pounce-2"
  >
    <div
      class="pounce-7"
    >
      <div
        class="pounce-6"
      >
        <div
          class="pounce-2"
        >
          <input
            aria-invalid="false"
            class="pounce-0"
            id="name-from"
            name="name-from"
            type="text"
            value=""
          />
          <label
            class="pounce-1"
            for="name-from"
          >
            Name
          </label>
        </div>
        <div
          class="pounce-2"
        >
          <input
            aria-invalid="false"
            class="pounce-0"
            id="surname-to"
            name="surname-to"
            type="text"
            value=""
          />
          <label
            class="pounce-1"
            for="surname-to"
          >
            Surname
          </label>
        </div>
      </div>
    </div>
  </fieldset>
</div>
`;

exports[`renders with disabled option 1`] = `
.pounce-2 {
  position: relative;
}

.pounce-7 {
  min-height: 47px;
  position: relative;
  border: 1px solid;
  -webkit-transition: border-color 200ms cubic-bezier(0.0, 0, 0.2, 1) 0ms;
  transition: border-color 200ms cubic-bezier(0.0, 0, 0.2, 1) 0ms;
  background-color: transparent;
  border-radius: 4px;
  border-color: #3E516B;
}

.pounce-7:hover {
  border-color: #0081C5;
}

.pounce-7:focus-within {
  border-color: #0081C5;
}

.pounce-7:focus-within span {
  opacity: 1;
  visibility: visible;
}

.pounce-7:focus-within label {
  font-weight: 500;
  -webkit-transform: translate(6px, 4px) scale(0.65);
  -moz-transform: translate(6px, 4px) scale(0.65);
  -ms-transform: translate(6px, 4px) scale(0.65);
  transform: translate(6px, 4px) scale(0.65);
}

.pounce-6 {
  display: -webkit-box;
  display: -webkit-flex;
  display: -ms-flexbox;
  display: flex;
  -webkit-align-items: center;
  -webkit-box-align: center;
  -ms-flex-align: center;
  align-items: center;
}

.pounce-0 {
  width: 100%;
  height: 100%;
  padding-left: 16px;
  padding-right: 16px;
  padding-top: 20px;
  padding-bottom: 8px;
  position: relative;
  color: #F6F6F6;
  font-size: 0.875rem;
  font-weight: 500;
  background-color: transparent;
  border: 0;
}

.pounce-0::-webkit-input-placeholder {
  opacity: 0;
  color: #F6F6F6;
  -webkit-transition: opacity 200ms cubic-bezier(0.0, 0, 0.2, 1) 0ms;
  transition: opacity 200ms cubic-bezier(0.0, 0, 0.2, 1) 0ms;
  font-weight: 500;
}

.pounce-0::-moz-placeholder {
  opacity: 0;
  color: #F6F6F6;
  -webkit-transition: opacity 200ms cubic-bezier(0.0, 0, 0.2, 1) 0ms;
  transition: opacity 200ms cubic-bezier(0.0, 0, 0.2, 1) 0ms;
  font-weight: 500;
}

.pounce-0:-ms-input-placeholder {
  opacity: 0;
  color: #F6F6F6;
  -webkit-transition: opacity 200ms cubic-bezier(0.0, 0, 0.2, 1) 0ms;
  transition: opacity 200ms cubic-bezier(0.0, 0, 0.2, 1) 0ms;
  font-weight: 500;
}

.pounce-0::placeholder {
  opacity: 0;
  color: #F6F6F6;
  -webkit-transition: opacity 200ms cubic-bezier(0.0, 0, 0.2, 1) 0ms;
  transition: opacity 200ms cubic-bezier(0.0, 0, 0.2, 1) 0ms;
  font-weight: 500;
}



.pounce-0:focus::-webkit-input-placeholder {
  opacity: 0.4;
}

.pounce-0:focus::-moz-placeholder {
  opacity: 0.4;
}

.pounce-0:focus:-ms-input-placeholder {
  opacity: 0.4;
}

.pounce-0:focus::placeholder {
  opacity: 0.4;
}

.pounce-0:-webkit-autofill {
  -webkit-box-shadow: 0 0 0 30px #192231 inset;
  -webkit-text-fill-color: #F6F6F6;
  border-radius: 4px;
}

.pounce-1 {
  pointer-events: none;
  font-size: 0.875rem;
  padding-left: 16px;
  padding-right: 16px;
  color: #BDBDBD;
  top: 0;
  left: 0;
  position: absolute;
  transform-origin: center left;
  -webkit-transform: translate(0, 14px) scale(1);
  -moz-transform: translate(0, 14px) scale(1);
  -ms-transform: translate(0, 14px) scale(1);
  transform: translate(0, 14px) scale(1);
  -webkit-transition: -webkit-transform 200ms cubic-bezier(0.0, 0, 0.2, 1) 0ms;
  transition: transform 200ms cubic-bezier(0.0, 0, 0.2, 1) 0ms;
  font-weight: 400;
}

<div>
  <fieldset
    class="pounce-2"
  >
    <div
      aria-disabled="true"
      class="pounce-7"
    >
      <div
        class="pounce-6"
      >
        <div
          class="pounce-2"
        >
          <input
            aria-disabled="true"
            aria-invalid="false"
            class="pounce-0"
            disabled=""
            id="name-from"
            name="name-from"
            type="text"
            value=""
          />
          <label
            class="pounce-1"
            for="name-from"
          >
            Name
          </label>
        </div>
        <div
          class="pounce-2"
        >
          <input
            aria-disabled="true"
            aria-invalid="false"
            class="pounce-0"
            disabled=""
            id="surname-to"
            name="surname-to"
            type="text"
            value=""
          />
          <label
            class="pounce-1"
            for="surname-to"
          >
            Surname
          </label>
        </div>
      </div>
    </div>
  </fieldset>
</div>
`;

exports[`renders with icons 1`] = `
.pounce-2 {
  position: relative;
}

.pounce-7 {
  min-height: 47px;
  position: relative;
  border: 1px solid;
  -webkit-transition: border-color 200ms cubic-bezier(0.0, 0, 0.2, 1) 0ms;
  transition: border-color 200ms cubic-bezier(0.0, 0, 0.2, 1) 0ms;
  background-color: transparent;
  border-radius: 4px;
  border-color: #3E516B;
}

.pounce-7:hover {
  border-color: #0081C5;
}

.pounce-7:focus-within {
  border-color: #0081C5;
}

.pounce-7:focus-within span {
  opacity: 1;
  visibility: visible;
}

.pounce-7:focus-within label {
  font-weight: 500;
  -webkit-transform: translate(6px, 4px) scale(0.65);
  -moz-transform: translate(6px, 4px) scale(0.65);
  -ms-transform: translate(6px, 4px) scale(0.65);
  transform: translate(6px, 4px) scale(0.65);
}

.pounce-6 {
  display: -webkit-box;
  display: -webkit-flex;
  display: -ms-flexbox;
  display: flex;
  -webkit-align-items: center;
  -webkit-box-align: center;
  -ms-flex-align: center;
  align-items: center;
}

.pounce-0 {
  width: 100%;
  height: 100%;
  padding-left: 16px;
  padding-right: 16px;
  padding-top: 20px;
  padding-bottom: 8px;
  position: relative;
  color: #F6F6F6;
  font-size: 0.875rem;
  font-weight: 500;
  background-color: transparent;
  border: 0;
}

.pounce-0::-webkit-input-placeholder {
  opacity: 0;
  color: #F6F6F6;
  -webkit-transition: opacity 200ms cubic-bezier(0.0, 0, 0.2, 1) 0ms;
  transition: opacity 200ms cubic-bezier(0.0, 0, 0.2, 1) 0ms;
  font-weight: 500;
}

.pounce-0::-moz-placeholder {
  opacity: 0;
  color: #F6F6F6;
  -webkit-transition: opacity 200ms cubic-bezier(0.0, 0, 0.2, 1) 0ms;
  transition: opacity 200ms cubic-bezier(0.0, 0, 0.2, 1) 0ms;
  font-weight: 500;
}

.pounce-0:-ms-input-placeholder {
  opacity: 0;
  color: #F6F6F6;
  -webkit-transition: opacity 200ms cubic-bezier(0.0, 0, 0.2, 1) 0ms;
  transition: opacity 200ms cubic-bezier(0.0, 0, 0.2, 1) 0ms;
  font-weight: 500;
}

.pounce-0::placeholder {
  opacity: 0;
  color: #F6F6F6;
  -webkit-transition: opacity 200ms cubic-bezier(0.0, 0, 0.2, 1) 0ms;
  transition: opacity 200ms cubic-bezier(0.0, 0, 0.2, 1) 0ms;
  font-weight: 500;
}



.pounce-0:focus::-webkit-input-placeholder {
  opacity: 0.4;
}

.pounce-0:focus::-moz-placeholder {
  opacity: 0.4;
}

.pounce-0:focus:-ms-input-placeholder {
  opacity: 0.4;
}

.pounce-0:focus::placeholder {
  opacity: 0.4;
}

.pounce-0:-webkit-autofill {
  -webkit-box-shadow: 0 0 0 30px #192231 inset;
  -webkit-text-fill-color: #F6F6F6;
  border-radius: 4px;
}

.pounce-1 {
  pointer-events: none;
  font-size: 0.875rem;
  padding-left: 16px;
  padding-right: 16px;
  color: #BDBDBD;
  top: 0;
  left: 0;
  position: absolute;
  transform-origin: center left;
  -webkit-transform: translate(0, 14px) scale(1);
  -moz-transform: translate(0, 14px) scale(1);
  -ms-transform: translate(0, 14px) scale(1);
  transform: translate(0, 14px) scale(1);
  -webkit-transition: -webkit-transform 200ms cubic-bezier(0.0, 0, 0.2, 1) 0ms;
  transition: transform 200ms cubic-bezier(0.0, 0, 0.2, 1) 0ms;
  font-weight: 400;
}

<div>
  <fieldset
    class="pounce-2"
  >
    <div
      class="pounce-7"
    >
      <div
        class="pounce-6"
      >
        <div
          class="pounce-2"
        >
          <input
            aria-invalid="false"
            class="pounce-0"
            id="name-from"
            name="name-from"
            type="text"
            value=""
          />
          <label
            class="pounce-1"
            for="name-from"
          >
            Name
          </label>
        </div>
        <div
          class="pounce-2"
        >
          <input
            aria-invalid="false"
            class="pounce-0"
            id="surname-to"
            name="surname-to"
            type="text"
            value=""
          />
          <label
            class="pounce-1"
            for="surname-to"
          >
            Surname
          </label>
        </div>
      </div>
    </div>
  </fieldset>
  <fieldset
    class="pounce-2"
  >
    <div
      class="pounce-7"
    >
      <div
        class="pounce-6"
      >
        <div
          class="pounce-2"
        >
          <input
            aria-invalid="false"
            class="pounce-0"
            id="name-from"
            name="name-from"
            type="text"
            value=""
          />
          <label
            class="pounce-1"
            for="name-from"
          >
            Name
          </label>
        </div>
        <div
          class="pounce-2"
        >
          <input
            aria-invalid="false"
            class="pounce-0"
            id="surname-to"
            name="surname-to"
            type="text"
            value=""
          />
          <label
            class="pounce-1"
            for="surname-to"
          >
            Surname
          </label>
        </div>
      </div>
    </div>
  </fieldset>
  <fieldset
    class="pounce-2"
  >
    <div
      class="pounce-7"
    >
      <div
        class="pounce-6"
      >
        <div
          class="pounce-2"
        >
          <input
            aria-invalid="false"
            class="pounce-0"
            id="name-from"
            name="name-from"
            type="text"
            value=""
          />
          <label
            class="pounce-1"
            for="name-from"
          >
            Name
          </label>
        </div>
        <div
          class="pounce-2"
        >
          <input
            aria-invalid="false"
            class="pounce-0"
            id="surname-to"
            name="surname-to"
            type="text"
            value=""
          />
          <label
            class="pounce-1"
            for="surname-to"
          >
            Surname
          </label>
        </div>
      </div>
    </div>
  </fieldset>
</div>
`;

exports[`renders with individual values 1`] = `
.pounce-2 {
  position: relative;
}

.pounce-7 {
  min-height: 47px;
  position: relative;
  border: 1px solid;
  -webkit-transition: border-color 200ms cubic-bezier(0.0, 0, 0.2, 1) 0ms;
  transition: border-color 200ms cubic-bezier(0.0, 0, 0.2, 1) 0ms;
  background-color: transparent;
  border-radius: 4px;
  border-color: #3E516B;
}

.pounce-7:hover {
  border-color: #0081C5;
}

.pounce-7:focus-within {
  border-color: #0081C5;
}

.pounce-7:focus-within span {
  opacity: 1;
  visibility: visible;
}

.pounce-7:focus-within label {
  font-weight: 500;
  -webkit-transform: translate(6px, 4px) scale(0.65);
  -moz-transform: translate(6px, 4px) scale(0.65);
  -ms-transform: translate(6px, 4px) scale(0.65);
  transform: translate(6px, 4px) scale(0.65);
}

.pounce-6 {
  display: -webkit-box;
  display: -webkit-flex;
  display: -ms-flexbox;
  display: flex;
  -webkit-align-items: center;
  -webkit-box-align: center;
  -ms-flex-align: center;
  align-items: center;
}

.pounce-0 {
  width: 100%;
  height: 100%;
  padding-left: 16px;
  padding-right: 16px;
  padding-top: 20px;
  padding-bottom: 8px;
  position: relative;
  color: #F6F6F6;
  font-size: 0.875rem;
  font-weight: 500;
  background-color: transparent;
  border: 0;
}

.pounce-0::-webkit-input-placeholder {
  opacity: 0;
  color: #F6F6F6;
  -webkit-transition: opacity 200ms cubic-bezier(0.0, 0, 0.2, 1) 0ms;
  transition: opacity 200ms cubic-bezier(0.0, 0, 0.2, 1) 0ms;
  font-weight: 500;
}

.pounce-0::-moz-placeholder {
  opacity: 0;
  color: #F6F6F6;
  -webkit-transition: opacity 200ms cubic-bezier(0.0, 0, 0.2, 1) 0ms;
  transition: opacity 200ms cubic-bezier(0.0, 0, 0.2, 1) 0ms;
  font-weight: 500;
}

.pounce-0:-ms-input-placeholder {
  opacity: 0;
  color: #F6F6F6;
  -webkit-transition: opacity 200ms cubic-bezier(0.0, 0, 0.2, 1) 0ms;
  transition: opacity 200ms cubic-bezier(0.0, 0, 0.2, 1) 0ms;
  font-weight: 500;
}

.pounce-0::placeholder {
  opacity: 0;
  color: #F6F6F6;
  -webkit-transition: opacity 200ms cubic-bezier(0.0, 0, 0.2, 1) 0ms;
  transition: opacity 200ms cubic-bezier(0.0, 0, 0.2, 1) 0ms;
  font-weight: 500;
}



.pounce-0:focus::-webkit-input-placeholder {
  opacity: 0.4;
}

.pounce-0:focus::-moz-placeholder {
  opacity: 0.4;
}

.pounce-0:focus:-ms-input-placeholder {
  opacity: 0.4;
}

.pounce-0:focus::placeholder {
  opacity: 0.4;
}

.pounce-0:-webkit-autofill {
  -webkit-box-shadow: 0 0 0 30px #192231 inset;
  -webkit-text-fill-color: #F6F6F6;
  border-radius: 4px;
}

.pounce-1 {
  pointer-events: none;
  font-size: 0.875rem;
  padding-left: 16px;
  padding-right: 16px;
  color: #BDBDBD;
  top: 0;
  left: 0;
  position: absolute;
  transform-origin: center left;
  -webkit-transform: translate(6px, 4px) scale(0.65);
  -moz-transform: translate(6px, 4px) scale(0.65);
  -ms-transform: translate(6px, 4px) scale(0.65);
  transform: translate(6px, 4px) scale(0.65);
  -webkit-transition: -webkit-transform 200ms cubic-bezier(0.0, 0, 0.2, 1) 0ms;
  transition: transform 200ms cubic-bezier(0.0, 0, 0.2, 1) 0ms;
  font-weight: 500;
}

<div>
  <fieldset
    class="pounce-2"
  >
    <div
      class="pounce-7"
    >
      <div
        class="pounce-6"
      >
        <div
          class="pounce-2"
        >
          <input
            aria-invalid="false"
            class="pounce-0"
            id="sample-from"
            name="sample-from"
            type="text"
            value="This is the start"
          />
          <label
            class="pounce-1"
            for="sample-from"
          >
            Name
          </label>
        </div>
        <div
          class="pounce-2"
        >
          <input
            aria-invalid="false"
            class="pounce-0"
            id="sample-to"
            name="sample-to"
            type="text"
            value="This is the end"
          />
          <label
            class="pounce-1"
            for="sample-to"
          >
            Surname
          </label>
        </div>
      </div>
    </div>
  </fieldset>
</div>
`;

exports[`renders with invalid option 1`] = `
.pounce-2 {
  position: relative;
}

.pounce-6 {
  display: -webkit-box;
  display: -webkit-flex;
  display: -ms-flexbox;
  display: flex;
  -webkit-align-items: center;
  -webkit-box-align: center;
  -ms-flex-align: center;
  align-items: center;
}

.pounce-0 {
  width: 100%;
  height: 100%;
  padding-left: 16px;
  padding-right: 16px;
  padding-top: 20px;
  padding-bottom: 8px;
  position: relative;
  color: #F6F6F6;
  font-size: 0.875rem;
  font-weight: 500;
  background-color: transparent;
  border: 0;
}

.pounce-0::-webkit-input-placeholder {
  opacity: 0;
  color: #F6F6F6;
  -webkit-transition: opacity 200ms cubic-bezier(0.0, 0, 0.2, 1) 0ms;
  transition: opacity 200ms cubic-bezier(0.0, 0, 0.2, 1) 0ms;
  font-weight: 500;
}

.pounce-0::-moz-placeholder {
  opacity: 0;
  color: #F6F6F6;
  -webkit-transition: opacity 200ms cubic-bezier(0.0, 0, 0.2, 1) 0ms;
  transition: opacity 200ms cubic-bezier(0.0, 0, 0.2, 1) 0ms;
  font-weight: 500;
}

.pounce-0:-ms-input-placeholder {
  opacity: 0;
  color: #F6F6F6;
  -webkit-transition: opacity 200ms cubic-bezier(0.0, 0, 0.2, 1) 0ms;
  transition: opacity 200ms cubic-bezier(0.0, 0, 0.2, 1) 0ms;
  font-weight: 500;
}

.pounce-0::placeholder {
  opacity: 0;
  color: #F6F6F6;
  -webkit-transition: opacity 200ms cubic-bezier(0.0, 0, 0.2, 1) 0ms;
  transition: opacity 200ms cubic-bezier(0.0, 0, 0.2, 1) 0ms;
  font-weight: 500;
}



.pounce-0:focus::-webkit-input-placeholder {
  opacity: 0.4;
}

.pounce-0:focus::-moz-placeholder {
  opacity: 0.4;
}

.pounce-0:focus:-ms-input-placeholder {
  opacity: 0.4;
}

.pounce-0:focus::placeholder {
  opacity: 0.4;
}

.pounce-0:-webkit-autofill {
  -webkit-box-shadow: 0 0 0 30px #192231 inset;
  -webkit-text-fill-color: #F6F6F6;
  border-radius: 4px;
}

.pounce-7 {
  min-height: 47px;
  position: relative;
  border: 1px solid;
  -webkit-transition: border-color 200ms cubic-bezier(0.0, 0, 0.2, 1) 0ms;
  transition: border-color 200ms cubic-bezier(0.0, 0, 0.2, 1) 0ms;
  background-color: transparent;
  border-radius: 4px;
  border-color: #D64242;
}





.pounce-7:focus-within span {
  opacity: 1;
  visibility: visible;
}

.pounce-7:focus-within label {
  font-weight: 500;
  -webkit-transform: translate(6px, 4px) scale(0.65);
  -moz-transform: translate(6px, 4px) scale(0.65);
  -ms-transform: translate(6px, 4px) scale(0.65);
  transform: translate(6px, 4px) scale(0.65);
}

.pounce-1 {
  pointer-events: none;
  font-size: 0.875rem;
  padding-left: 16px;
  padding-right: 16px;
  color: #D64242;
  top: 0;
  left: 0;
  position: absolute;
  transform-origin: center left;
  -webkit-transform: translate(0, 14px) scale(1);
  -moz-transform: translate(0, 14px) scale(1);
  -ms-transform: translate(0, 14px) scale(1);
  transform: translate(0, 14px) scale(1);
  -webkit-transition: -webkit-transform 200ms cubic-bezier(0.0, 0, 0.2, 1) 0ms;
  transition: transform 200ms cubic-bezier(0.0, 0, 0.2, 1) 0ms;
  font-weight: 400;
}

<div>
  <fieldset
    class="pounce-2"
  >
    <div
      class="pounce-7"
    >
      <div
        class="pounce-6"
      >
        <div
          class="pounce-2"
        >
          <input
            aria-invalid="true"
            class="pounce-0"
            id="name-from"
            name="name-from"
            type="text"
            value=""
          />
          <label
            class="pounce-1"
            for="name-from"
          >
            Name
          </label>
        </div>
        <div
          class="pounce-2"
        >
          <input
            aria-invalid="true"
            class="pounce-0"
            id="surname-to"
            name="surname-to"
            type="text"
            value=""
          />
          <label
            class="pounce-1"
            for="surname-to"
          >
            Surname
          </label>
        </div>
      </div>
    </div>
  </fieldset>
</div>
`;

exports[`renders with placeholders 1`] = `
.pounce-2 {
  position: relative;
}

.pounce-7 {
  min-height: 47px;
  position: relative;
  border: 1px solid;
  -webkit-transition: border-color 200ms cubic-bezier(0.0, 0, 0.2, 1) 0ms;
  transition: border-color 200ms cubic-bezier(0.0, 0, 0.2, 1) 0ms;
  background-color: transparent;
  border-radius: 4px;
  border-color: #3E516B;
}

.pounce-7:hover {
  border-color: #0081C5;
}

.pounce-7:focus-within {
  border-color: #0081C5;
}

.pounce-7:focus-within span {
  opacity: 1;
  visibility: visible;
}

.pounce-7:focus-within label {
  font-weight: 500;
  -webkit-transform: translate(6px, 4px) scale(0.65);
  -moz-transform: translate(6px, 4px) scale(0.65);
  -ms-transform: translate(6px, 4px) scale(0.65);
  transform: translate(6px, 4px) scale(0.65);
}

.pounce-6 {
  display: -webkit-box;
  display: -webkit-flex;
  display: -ms-flexbox;
  display: flex;
  -webkit-align-items: center;
  -webkit-box-align: center;
  -ms-flex-align: center;
  align-items: center;
}

.pounce-0 {
  width: 100%;
  height: 100%;
  padding-left: 16px;
  padding-right: 16px;
  padding-top: 20px;
  padding-bottom: 8px;
  position: relative;
  color: #F6F6F6;
  font-size: 0.875rem;
  font-weight: 500;
  background-color: transparent;
  border: 0;
}

.pounce-0::-webkit-input-placeholder {
  opacity: 0;
  color: #F6F6F6;
  -webkit-transition: opacity 200ms cubic-bezier(0.0, 0, 0.2, 1) 0ms;
  transition: opacity 200ms cubic-bezier(0.0, 0, 0.2, 1) 0ms;
  font-weight: 500;
}

.pounce-0::-moz-placeholder {
  opacity: 0;
  color: #F6F6F6;
  -webkit-transition: opacity 200ms cubic-bezier(0.0, 0, 0.2, 1) 0ms;
  transition: opacity 200ms cubic-bezier(0.0, 0, 0.2, 1) 0ms;
  font-weight: 500;
}

.pounce-0:-ms-input-placeholder {
  opacity: 0;
  color: #F6F6F6;
  -webkit-transition: opacity 200ms cubic-bezier(0.0, 0, 0.2, 1) 0ms;
  transition: opacity 200ms cubic-bezier(0.0, 0, 0.2, 1) 0ms;
  font-weight: 500;
}

.pounce-0::placeholder {
  opacity: 0;
  color: #F6F6F6;
  -webkit-transition: opacity 200ms cubic-bezier(0.0, 0, 0.2, 1) 0ms;
  transition: opacity 200ms cubic-bezier(0.0, 0, 0.2, 1) 0ms;
  font-weight: 500;
}



.pounce-0:focus::-webkit-input-placeholder {
  opacity: 0.4;
}

.pounce-0:focus::-moz-placeholder {
  opacity: 0.4;
}

.pounce-0:focus:-ms-input-placeholder {
  opacity: 0.4;
}

.pounce-0:focus::placeholder {
  opacity: 0.4;
}

.pounce-0:-webkit-autofill {
  -webkit-box-shadow: 0 0 0 30px #192231 inset;
  -webkit-text-fill-color: #F6F6F6;
  border-radius: 4px;
}

.pounce-1 {
  pointer-events: none;
  font-size: 0.875rem;
  padding-left: 16px;
  padding-right: 16px;
  color: #BDBDBD;
  top: 0;
  left: 0;
  position: absolute;
  transform-origin: center left;
  -webkit-transform: translate(0, 14px) scale(1);
  -moz-transform: translate(0, 14px) scale(1);
  -ms-transform: translate(0, 14px) scale(1);
  transform: translate(0, 14px) scale(1);
  -webkit-transition: -webkit-transform 200ms cubic-bezier(0.0, 0, 0.2, 1) 0ms;
  transition: transform 200ms cubic-bezier(0.0, 0, 0.2, 1) 0ms;
  font-weight: 400;
}

<div>
  <fieldset
    class="pounce-2"
  >
    <div
      class="pounce-7"
    >
      <div
        class="pounce-6"
      >
        <div
          class="pounce-2"
        >
          <input
            aria-invalid="false"
            class="pounce-0"
            id="name-from"
            name="name-from"
            placeholder="Foo"
            type="text"
            value=""
          />
          <label
            class="pounce-1"
            for="name-from"
          >
            Name
          </label>
        </div>
        <div
          class="pounce-2"
        >
          <input
            aria-invalid="false"
            class="pounce-0"
            id="surname-to"
            name="surname-to"
            placeholder="Bar"
            type="text"
            value=""
          />
          <label
            class="pounce-1"
            for="surname-to"
          >
            Surname
          </label>
        </div>
      </div>
    </div>
  </fieldset>
</div>
`;

exports[`renders with required option 1`] = `
.pounce-2 {
  position: relative;
}

.pounce-7 {
  min-height: 47px;
  position: relative;
  border: 1px solid;
  -webkit-transition: border-color 200ms cubic-bezier(0.0, 0, 0.2, 1) 0ms;
  transition: border-color 200ms cubic-bezier(0.0, 0, 0.2, 1) 0ms;
  background-color: transparent;
  border-radius: 4px;
  border-color: #3E516B;
}

.pounce-7:hover {
  border-color: #0081C5;
}

.pounce-7:focus-within {
  border-color: #0081C5;
}

.pounce-7:focus-within span {
  opacity: 1;
  visibility: visible;
}

.pounce-7:focus-within label {
  font-weight: 500;
  -webkit-transform: translate(6px, 4px) scale(0.65);
  -moz-transform: translate(6px, 4px) scale(0.65);
  -ms-transform: translate(6px, 4px) scale(0.65);
  transform: translate(6px, 4px) scale(0.65);
}

.pounce-6 {
  display: -webkit-box;
  display: -webkit-flex;
  display: -ms-flexbox;
  display: flex;
  -webkit-align-items: center;
  -webkit-box-align: center;
  -ms-flex-align: center;
  align-items: center;
}

.pounce-0 {
  width: 100%;
  height: 100%;
  padding-left: 16px;
  padding-right: 16px;
  padding-top: 20px;
  padding-bottom: 8px;
  position: relative;
  color: #F6F6F6;
  font-size: 0.875rem;
  font-weight: 500;
  background-color: transparent;
  border: 0;
}

.pounce-0::-webkit-input-placeholder {
  opacity: 0;
  color: #F6F6F6;
  -webkit-transition: opacity 200ms cubic-bezier(0.0, 0, 0.2, 1) 0ms;
  transition: opacity 200ms cubic-bezier(0.0, 0, 0.2, 1) 0ms;
  font-weight: 500;
}

.pounce-0::-moz-placeholder {
  opacity: 0;
  color: #F6F6F6;
  -webkit-transition: opacity 200ms cubic-bezier(0.0, 0, 0.2, 1) 0ms;
  transition: opacity 200ms cubic-bezier(0.0, 0, 0.2, 1) 0ms;
  font-weight: 500;
}

.pounce-0:-ms-input-placeholder {
  opacity: 0;
  color: #F6F6F6;
  -webkit-transition: opacity 200ms cubic-bezier(0.0, 0, 0.2, 1) 0ms;
  transition: opacity 200ms cubic-bezier(0.0, 0, 0.2, 1) 0ms;
  font-weight: 500;
}

.pounce-0::placeholder {
  opacity: 0;
  color: #F6F6F6;
  -webkit-transition: opacity 200ms cubic-bezier(0.0, 0, 0.2, 1) 0ms;
  transition: opacity 200ms cubic-bezier(0.0, 0, 0.2, 1) 0ms;
  font-weight: 500;
}



.pounce-0:focus::-webkit-input-placeholder {
  opacity: 0.4;
}

.pounce-0:focus::-moz-placeholder {
  opacity: 0.4;
}

.pounce-0:focus:-ms-input-placeholder {
  opacity: 0.4;
}

.pounce-0:focus::placeholder {
  opacity: 0.4;
}

.pounce-0:-webkit-autofill {
  -webkit-box-shadow: 0 0 0 30px #192231 inset;
  -webkit-text-fill-color: #F6F6F6;
  border-radius: 4px;
}

.pounce-1 {
  pointer-events: none;
  font-size: 0.875rem;
  padding-left: 16px;
  padding-right: 16px;
  color: #BDBDBD;
  top: 0;
  left: 0;
  position: absolute;
  transform-origin: center left;
  -webkit-transform: translate(0, 14px) scale(1);
  -moz-transform: translate(0, 14px) scale(1);
  -ms-transform: translate(0, 14px) scale(1);
  transform: translate(0, 14px) scale(1);
  -webkit-transition: -webkit-transform 200ms cubic-bezier(0.0, 0, 0.2, 1) 0ms;
  transition: transform 200ms cubic-bezier(0.0, 0, 0.2, 1) 0ms;
  font-weight: 400;
}

<div>
  <fieldset
    class="pounce-2"
  >
    <div
      class="pounce-7"
    >
      <div
        class="pounce-6"
      >
        <div
          class="pounce-2"
        >
          <input
            aria-invalid="false"
            aria-required="true"
            class="pounce-0"
            id="name-from"
            name="name-from"
            required=""
            type="text"
            value=""
          />
          <label
            class="pounce-1"
            for="name-from"
          >
            Name
          </label>
        </div>
        <div
          class="pounce-2"
        >
          <input
            aria-invalid="false"
            aria-required="true"
            class="pounce-0"
            id="surname-to"
            name="surname-to"
            required=""
            type="text"
            value=""
          />
          <label
            class="pounce-1"
            for="surname-to"
          >
            Surname
          </label>
        </div>
      </div>
    </div>
  </fieldset>
</div>
`;
